../Core/Src/595_shiftreg.c:62:6:reset_595register	8	static
../Core/Src/595_shiftreg.c:79:6:buffer_to_SPI	8	static
../Core/Src/595_shiftreg.c:97:6:update_shiftreg_buffer	24	static
../Core/Src/595_shiftreg.c:117:6:set_pin	24	static
../Core/Src/595_shiftreg.c:138:6:clear_pin	24	static
../Core/Src/595_shiftreg.c:161:6:toggle_pedestrian	16	static
../Core/Src/595_shiftreg.c:183:6:go_pedestrian	16	static
../Core/Src/595_shiftreg.c:230:6:stop_pedestrian	16	static
../Core/Src/595_shiftreg.c:275:6:go_intersection	16	static
../Core/Src/595_shiftreg.c:341:6:stop_intersection	16	static
