Archive member included to satisfy reference by file (symbol)

/opt/st/stm32cubeide_1.16.1/plugins/com.st.stm32cube.ide.mcu.externaltools.gnu-tools-for-stm32.12.3.rel1.linux64_1.0.200.202406132123/tools/bin/../lib/gcc/arm-none-eabi/12.3.1/../../../../arm-none-eabi/lib/thumb/v7e-m+fp/hard/libc_nano.a(libc_a-exit.o)
                              /opt/st/stm32cubeide_1.16.1/plugins/com.st.stm32cube.ide.mcu.externaltools.gnu-tools-for-stm32.12.3.rel1.linux64_1.0.200.202406132123/tools/bin/../lib/gcc/arm-none-eabi/12.3.1/../../../../arm-none-eabi/lib/thumb/v7e-m+fp/hard/crt0.o (exit)
/opt/st/stm32cubeide_1.16.1/plugins/com.st.stm32cube.ide.mcu.externaltools.gnu-tools-for-stm32.12.3.rel1.linux64_1.0.200.202406132123/tools/bin/../lib/gcc/arm-none-eabi/12.3.1/../../../../arm-none-eabi/lib/thumb/v7e-m+fp/hard/libc_nano.a(libc_a-findfp.o)
                              /opt/st/stm32cubeide_1.16.1/plugins/com.st.stm32cube.ide.mcu.externaltools.gnu-tools-for-stm32.12.3.rel1.linux64_1.0.200.202406132123/tools/bin/../lib/gcc/arm-none-eabi/12.3.1/../../../../arm-none-eabi/lib/thumb/v7e-m+fp/hard/libc_nano.a(libc_a-exit.o) (__stdio_exit_handler)
/opt/st/stm32cubeide_1.16.1/plugins/com.st.stm32cube.ide.mcu.externaltools.gnu-tools-for-stm32.12.3.rel1.linux64_1.0.200.202406132123/tools/bin/../lib/gcc/arm-none-eabi/12.3.1/../../../../arm-none-eabi/lib/thumb/v7e-m+fp/hard/libc_nano.a(libc_a-fwalk.o)
                              /opt/st/stm32cubeide_1.16.1/plugins/com.st.stm32cube.ide.mcu.externaltools.gnu-tools-for-stm32.12.3.rel1.linux64_1.0.200.202406132123/tools/bin/../lib/gcc/arm-none-eabi/12.3.1/../../../../arm-none-eabi/lib/thumb/v7e-m+fp/hard/libc_nano.a(libc_a-findfp.o) (_fwalk_sglue)
/opt/st/stm32cubeide_1.16.1/plugins/com.st.stm32cube.ide.mcu.externaltools.gnu-tools-for-stm32.12.3.rel1.linux64_1.0.200.202406132123/tools/bin/../lib/gcc/arm-none-eabi/12.3.1/../../../../arm-none-eabi/lib/thumb/v7e-m+fp/hard/libc_nano.a(libc_a-stdio.o)
                              /opt/st/stm32cubeide_1.16.1/plugins/com.st.stm32cube.ide.mcu.externaltools.gnu-tools-for-stm32.12.3.rel1.linux64_1.0.200.202406132123/tools/bin/../lib/gcc/arm-none-eabi/12.3.1/../../../../arm-none-eabi/lib/thumb/v7e-m+fp/hard/libc_nano.a(libc_a-findfp.o) (__sread)
/opt/st/stm32cubeide_1.16.1/plugins/com.st.stm32cube.ide.mcu.externaltools.gnu-tools-for-stm32.12.3.rel1.linux64_1.0.200.202406132123/tools/bin/../lib/gcc/arm-none-eabi/12.3.1/../../../../arm-none-eabi/lib/thumb/v7e-m+fp/hard/libc_nano.a(libc_a-memset.o)
                              /opt/st/stm32cubeide_1.16.1/plugins/com.st.stm32cube.ide.mcu.externaltools.gnu-tools-for-stm32.12.3.rel1.linux64_1.0.200.202406132123/tools/bin/../lib/gcc/arm-none-eabi/12.3.1/../../../../arm-none-eabi/lib/thumb/v7e-m+fp/hard/crt0.o (memset)
/opt/st/stm32cubeide_1.16.1/plugins/com.st.stm32cube.ide.mcu.externaltools.gnu-tools-for-stm32.12.3.rel1.linux64_1.0.200.202406132123/tools/bin/../lib/gcc/arm-none-eabi/12.3.1/../../../../arm-none-eabi/lib/thumb/v7e-m+fp/hard/libc_nano.a(libc_a-closer.o)
                              /opt/st/stm32cubeide_1.16.1/plugins/com.st.stm32cube.ide.mcu.externaltools.gnu-tools-for-stm32.12.3.rel1.linux64_1.0.200.202406132123/tools/bin/../lib/gcc/arm-none-eabi/12.3.1/../../../../arm-none-eabi/lib/thumb/v7e-m+fp/hard/libc_nano.a(libc_a-stdio.o) (_close_r)
/opt/st/stm32cubeide_1.16.1/plugins/com.st.stm32cube.ide.mcu.externaltools.gnu-tools-for-stm32.12.3.rel1.linux64_1.0.200.202406132123/tools/bin/../lib/gcc/arm-none-eabi/12.3.1/../../../../arm-none-eabi/lib/thumb/v7e-m+fp/hard/libc_nano.a(libc_a-reent.o)
                              /opt/st/stm32cubeide_1.16.1/plugins/com.st.stm32cube.ide.mcu.externaltools.gnu-tools-for-stm32.12.3.rel1.linux64_1.0.200.202406132123/tools/bin/../lib/gcc/arm-none-eabi/12.3.1/../../../../arm-none-eabi/lib/thumb/v7e-m+fp/hard/libc_nano.a(libc_a-closer.o) (errno)
/opt/st/stm32cubeide_1.16.1/plugins/com.st.stm32cube.ide.mcu.externaltools.gnu-tools-for-stm32.12.3.rel1.linux64_1.0.200.202406132123/tools/bin/../lib/gcc/arm-none-eabi/12.3.1/../../../../arm-none-eabi/lib/thumb/v7e-m+fp/hard/libc_nano.a(libc_a-impure.o)
                              /opt/st/stm32cubeide_1.16.1/plugins/com.st.stm32cube.ide.mcu.externaltools.gnu-tools-for-stm32.12.3.rel1.linux64_1.0.200.202406132123/tools/bin/../lib/gcc/arm-none-eabi/12.3.1/../../../../arm-none-eabi/lib/thumb/v7e-m+fp/hard/libc_nano.a(libc_a-reent.o) (_impure_ptr)
/opt/st/stm32cubeide_1.16.1/plugins/com.st.stm32cube.ide.mcu.externaltools.gnu-tools-for-stm32.12.3.rel1.linux64_1.0.200.202406132123/tools/bin/../lib/gcc/arm-none-eabi/12.3.1/../../../../arm-none-eabi/lib/thumb/v7e-m+fp/hard/libc_nano.a(libc_a-lseekr.o)
                              /opt/st/stm32cubeide_1.16.1/plugins/com.st.stm32cube.ide.mcu.externaltools.gnu-tools-for-stm32.12.3.rel1.linux64_1.0.200.202406132123/tools/bin/../lib/gcc/arm-none-eabi/12.3.1/../../../../arm-none-eabi/lib/thumb/v7e-m+fp/hard/libc_nano.a(libc_a-stdio.o) (_lseek_r)
[...]
Memory Configuration

Name             Origin             Length             Attributes
RAM              0x20000000         0x00018000         xrw
RAM2             0x10000000         0x00008000         xrw
FLASH            0x08000000         0x00100000         xr
*default*        0x00000000         0xffffffff

Linker script and memory map

LOAD /opt/st/stm32cubeide_1.16.1/plugins/com.st.stm32cube.ide.mcu.externaltools.gnu-tools-for-stm32.12.3.rel1.linux64_1.0.200.202406132123/tools/bin/../lib/gcc/arm-none-eabi/12.3.1/thumb/v7e-m+fp/hard/crti.o
LOAD /opt/st/stm32cubeide_1.16.1/plugins/com.st.stm32cube.ide.mcu.externaltools.gnu-tools-for-stm32.12.3.rel1.linux64_1.0.200.202406132123/tools/bin/../lib/gcc/arm-none-eabi/12.3.1/thumb/v7e-m+fp/hard/crtbegin.o
LOAD /opt/st/stm32cubeide_1.16.1/plugins/com.st.stm32cube.ide.mcu.externaltools.gnu-tools-for-stm32.12.3.rel1.linux64_1.0.200.202406132123/tools/bin/../lib/gcc/arm-none-eabi/12.3.1/../../../../arm-none-eabi/lib/thumb/v7e-m+fp/hard/crt0.o
LOAD ./Core/Src/595_shiftreg.o
LOAD ./Core/Src/clock.o
LOAD ./Core/Src/fonts.o
LOAD ./Core/Src/gpio.o
LOAD ./Core/Src/main.o
LOAD ./Core/Src/spi.o
LOAD ./Core/Src/ssd1306_config.o
LOAD ./Core/Src/stm32l4xx_hal_msp.o
LOAD ./Core/Src/stm32l4xx_it.o
LOAD ./Core/Src/syscalls.o
LOAD ./Core/Src/sysmem.o
LOAD ./Core/Src/system_stm32l4xx.o
LOAD ./Core/Src/tim.o
LOAD ./Core/Src/traffic.o
LOAD ./Core/Src/traffic_functions.o
LOAD ./Core/Src/usart.o
LOAD ./Core/Startup/startup_stm32l476rgtx.o
LOAD ./Drivers/STM32L4xx_HAL_Driver/Src/stm32l4xx_hal.o
LOAD ./Drivers/STM32L4xx_HAL_Driver/Src/stm32l4xx_hal_cortex.o
LOAD ./Drivers/STM32L4xx_HAL_Driver/Src/stm32l4xx_hal_dma.o
LOAD ./Drivers/STM32L4xx_HAL_Driver/Src/stm32l4xx_hal_dma_ex.o
LOAD ./Drivers/STM32L4xx_HAL_Driver/Src/stm32l4xx_hal_exti.o
LOAD ./Drivers/STM32L4xx_HAL_Driver/Src/stm32l4xx_hal_flash.o
LOAD ./Drivers/STM32L4xx_HAL_Driver/Src/stm32l4xx_hal_flash_ex.o
LOAD ./Drivers/STM32L4xx_HAL_Driver/Src/stm32l4xx_hal_flash_ramfunc.o
LOAD ./Drivers/STM32L4xx_HAL_Driver/Src/stm32l4xx_hal_gpio.o
LOAD ./Drivers/STM32L4xx_HAL_Driver/Src/stm32l4xx_hal_i2c.o
LOAD ./Drivers/STM32L4xx_HAL_Driver/Src/stm32l4xx_hal_i2c_ex.o
LOAD ./Drivers/STM32L4xx_HAL_Driver/Src/stm32l4xx_hal_pwr.o
LOAD ./Drivers/STM32L4xx_HAL_Driver/Src/stm32l4xx_hal_pwr_ex.o
LOAD ./Drivers/STM32L4xx_HAL_Driver/Src/stm32l4xx_hal_rcc.o
LOAD ./Drivers/STM32L4xx_HAL_Driver/Src/stm32l4xx_hal_rcc_ex.o
LOAD ./Drivers/STM32L4xx_HAL_Driver/Src/stm32l4xx_hal_spi.o
LOAD ./Drivers/STM32L4xx_HAL_Driver/Src/stm32l4xx_hal_spi_ex.o
LOAD ./Drivers/STM32L4xx_HAL_Driver/Src/stm32l4xx_hal_tim.o
LOAD ./Drivers/STM32L4xx_HAL_Driver/Src/stm32l4xx_hal_tim_ex.o
LOAD ./Drivers/STM32L4xx_HAL_Driver/Src/stm32l4xx_hal_uart.o
LOAD ./Drivers/STM32L4xx_HAL_Driver/Src/stm32l4xx_hal_uart_ex.o
START GROUP
LOAD /opt/st/stm32cubeide_1.16.1/plugins/com.st.stm32cube.ide.mcu.externaltools.gnu-tools-for-stm32.12.3.rel1.linux64_1.0.200.202406132123/tools/bin/../lib/gcc/arm-none-eabi/12.3.1/../../../../arm-none-eabi/lib/thumb/v7e-m+fp/hard/libc_nano.a
LOAD /opt/st/stm32cubeide_1.16.1/plugins/com.st.stm32cube.ide.mcu.externaltools.gnu-tools-for-stm32.12.3.rel1.linux64_1.0.200.202406132123/tools/bin/../lib/gcc/arm-none-eabi/12.3.1/../../../../arm-none-eabi/lib/thumb/v7e-m+fp/hard/libm.a
END GROUP
START GROUP
LOAD /opt/st/stm32cubeide_1.16.1/plugins/com.st.stm32cube.ide.mcu.externaltools.gnu-tools-for-stm32.12.3.rel1.linux64_1.0.200.202406132123/tools/bin/../lib/gcc/arm-none-eabi/12.3.1/thumb/v7e-m+fp/hard/libgcc.a
LOAD /opt/st/stm32cubeide_1.16.1/plugins/com.st.stm32cube.ide.mcu.externaltools.gnu-tools-for-stm32.12.3.rel1.linux64_1.0.200.202406132123/tools/bin/../lib/gcc/arm-none-eabi/12.3.1/../../../../arm-none-eabi/lib/thumb/v7e-m+fp/hard/libc_nano.a
END GROUP
START GROUP
LOAD /opt/st/stm32cubeide_1.16.1/plugins/com.st.stm32cube.ide.mcu.externaltools.gnu-tools-for-stm32.12.3.rel1.linux64_1.0.200.202406132123/tools/bin/../lib/gcc/arm-none-eabi/12.3.1/thumb/v7e-m+fp/hard/libgcc.a
LOAD /opt/st/stm32cubeide_1.16.1/plugins/com.st.stm32cube.ide.mcu.externaltools.gnu-tools-for-stm32.12.3.rel1.linux64_1.0.200.202406132123/tools/bin/../lib/gcc/arm-none-eabi/12.3.1/../../../../arm-none-eabi/lib/thumb/v7e-m+fp/hard/libc_nano.a
LOAD /opt/st/stm32cubeide_1.16.1/plugins/com.st.stm32cube.ide.mcu.externaltools.gnu-tools-for-stm32.12.3.rel1.linux64_1.0.200.202406132123/tools/bin/../lib/gcc/arm-none-eabi/12.3.1/../../../../arm-none-eabi/lib/thumb/v7e-m+fp/hard/libnosys.a
END GROUP
START GROUP
LOAD /opt/st/stm32cubeide_1.16.1/plugins/com.st.stm32cube.ide.mcu.externaltools.gnu-tools-for-stm32.12.3.rel1.linux64_1.0.200.202406132123/tools/bin/../lib/gcc/arm-none-eabi/12.3.1/thumb/v7e-m+fp/hard/libgcc.a
LOAD /opt/st/stm32cubeide_1.16.1/plugins/com.st.stm32cube.ide.mcu.externaltools.gnu-tools-for-stm32.12.3.rel1.linux64_1.0.200.202406132123/tools/bin/../lib/gcc/arm-none-eabi/12.3.1/../../../../arm-none-eabi/lib/thumb/v7e-m+fp/hard/libc_nano.a
LOAD /opt/st/stm32cubeide_1.16.1/plugins/com.st.stm32cube.ide.mcu.externaltools.gnu-tools-for-stm32.12.3.rel1.linux64_1.0.200.202406132123/tools/bin/../lib/gcc/arm-none-eabi/12.3.1/../../../../arm-none-eabi/lib/thumb/v7e-m+fp/hard/libnosys.a
END GROUP
LOAD /opt/st/stm32cubeide_1.16.1/plugins/com.st.stm32cube.ide.mcu.externaltools.gnu-tools-for-stm32.12.3.rel1.linux64_1.0.200.202406132123/tools/bin/../lib/gcc/arm-none-eabi/12.3.1/thumb/v7e-m+fp/hard/crtend.o
LOAD /opt/st/stm32cubeide_1.16.1/plugins/com.st.stm32cube.ide.mcu.externaltools.gnu-tools-for-stm32.12.3.rel1.linux64_1.0.200.202406132123/tools/bin/../lib/gcc/arm-none-eabi/12.3.1/thumb/v7e-m+fp/hard/crtn.o
                0x20018000                        _estack = (ORIGIN (RAM) + LENGTH (RAM))
                0x00000200                        _Min_Heap_Size = 0x200
                0x00000400                        _Min_Stack_Size = 0x400

.isr_vector     0x08000000      0x188
                0x08000000                        . = ALIGN (0x4)
 *(.isr_vector)
 .isr_vector    0x08000000      0x188 ./Core/Startup/startup_stm32l476rgtx.o
                0x08000000                g_pfnVectors
                0x08000188                        . = ALIGN (0x4)

.text           0x08000188     0x5a68
                0x08000188                        . = ALIGN (0x4)
 *(.text)
 .text          0x08000188       0x40 /opt/st/stm32cubeide_1.16.1/plugins/com.st.stm32cube.ide.mcu.externaltools.gnu-tools-for-stm32.12.3.rel1.linux64_1.0.200.202406132123/tools/bin/../lib/gcc/arm-none-eabi/12.3.1/thumb/v7e-m+fp/hard/crtbegin.o
 .text          0x080001c8       0x30 /opt/st/stm32cubeide_1.16.1/plugins/com.st.stm32cube.ide.mcu.externaltools.gnu-tools-for-stm32.12.3.rel1.linux64_1.0.200.202406132123/tools/bin/../lib/gcc/arm-none-eabi/12.3.1/thumb/v7e-m+fp/hard/libgcc.a(_aeabi_uldivmod.o)
                0x080001c8                __aeabi_uldivmod
 .text          0x080001f8      0x2bc /opt/st/stm32cubeide_1.16.1/plugins/com.st.stm32cube.ide.mcu.externaltools.gnu-tools-for-stm32.12.3.rel1.linux64_1.0.200.202406132123/tools/bin/../lib/gcc/arm-none-eabi/12.3.1/thumb/v7e-m+fp/hard/libgcc.a(_udivmoddi4.o)
                0x080001f8                __udivmoddi4
 .text          0x080004b4        0x4 /opt/st/stm32cubeide_1.16.1/plugins/com.st.stm32cube.ide.mcu.externaltools.gnu-tools-for-stm32.12.3.rel1.linux64_1.0.200.202406132123/tools/bin/../lib/gcc/arm-none-eabi/12.3.1/thumb/v7e-m+fp/hard/libgcc.a(_dvmd_tls.o)
                0x080004b4                __aeabi_ldiv0
                0x080004b4                __aeabi_idiv0
 *(.text*)
 .text.reset_595register
                0x080004b8       0x48 ./Core/Src/595_shiftreg.o
                0x080004b8                reset_595register
 .text.buffer_to_SPI
                0x08000500       0x40 ./Core/Src/595_shiftreg.o
                0x08000500                buffer_to_SPI
 .text.update_shiftreg_buffer
                0x08000540       0x3c ./Core/Src/595_shiftreg.o
                0x08000540                update_shiftreg_buffer
 .text.set_pin  0x0800057c       0x3c ./Core/Src/595_shiftreg.o
                0x0800057c                set_pin
 .text.clear_pin
                0x080005b8       0x40 ./Core/Src/595_shiftreg.o
                0x080005b8                clear_pin
 .text.toggle_pedestrian
                0x080005f8       0x70 ./Core/Src/595_shiftreg.o
                0x080005f8                toggle_pedestrian
 .text.go_pedestrian
                0x08000668       0xe0 ./Core/Src/595_shiftreg.o
                0x08000668                go_pedestrian
 .text.stop_pedestrian
                0x08000748       0xbc ./Core/Src/595_shiftreg.o
                0x08000748                stop_pedestrian
 .text.go_intersection
                0x08000804      0x130 ./Core/Src/595_shiftreg.o
                0x08000804                go_intersection
 .text.stop_intersection
                0x08000934      0x138 ./Core/Src/595_shiftreg.o
                0x08000934                stop_intersection
 .text.SystemClock_Config
                0x08000a6c       0xa2 ./Core/Src/clock.o
                0x08000a6c                SystemClock_Config
 *fill*         0x08000b0e        0x2 
 .text.HAL_GPIO_EXTI_Callback
                0x08000b10      0x218 ./Core/Src/clock.o
                0x08000b10                HAL_GPIO_EXTI_Callback
 .text.HAL_TIM_PeriodElapsedCallback
                0x08000d28      0x168 ./Core/Src/clock.o
                0x08000d28                HAL_TIM_PeriodElapsedCallback
 .text.Error_Handler
                0x08000e90        0xc ./Core/Src/clock.o
                0x08000e90                Error_Handler
 .text.MX_GPIO_Init
                0x08000e9c      0x20c ./Core/Src/gpio.o
                0x08000e9c                MX_GPIO_Init
 .text.main     0x080010a8       0x34 ./Core/Src/main.o
                0x080010a8                main
 .text.MX_SPI2_Init
                0x080010dc       0x7c ./Core/Src/spi.o
                0x080010dc                MX_SPI2_Init
 .text.MX_SPI3_Init
                0x08001158       0x7c ./Core/Src/spi.o
                0x08001158                MX_SPI3_Init
 .text.HAL_SPI_MspInit
                0x080011d4      0x160 ./Core/Src/spi.o
                0x080011d4                HAL_SPI_MspInit
 .text.reset_OLED
                0x08001334       0x28 ./Core/Src/ssd1306_config.o
                0x08001334                reset_OLED
 .text.send_command_OLED
                0x0800135c       0x4c ./Core/Src/ssd1306_config.o
                0x0800135c                send_command_OLED
 .text.send_data_OLED
                0x080013a8       0x4c ./Core/Src/ssd1306_config.o
                0x080013a8                send_data_OLED
 .text.init_OLED
                0x080013f4       0x4c ./Core/Src/ssd1306_config.o
                0x080013f4                init_OLED
 .text.update_screen
                0x08001440       0x64 ./Core/Src/ssd1306_config.o
                0x08001440                update_screen
 .text.clear_screen
                0x080014a4       0x1c ./Core/Src/ssd1306_config.o
                0x080014a4                clear_screen
 .text.draw_char
                0x080014c0       0x74 ./Core/Src/ssd1306_config.o
                0x080014c0                draw_char
 .text.draw_string
                0x08001534       0x50 ./Core/Src/ssd1306_config.o
                0x08001534                draw_string
 .text.HAL_MspInit
                0x08001584       0x48 ./Core/Src/stm32l4xx_hal_msp.o
                0x08001584                HAL_MspInit
 .text.NMI_Handler
                0x080015cc        0x8 ./Core/Src/stm32l4xx_it.o
                0x080015cc                NMI_Handler
 .text.HardFault_Handler
                0x080015d4        0x8 ./Core/Src/stm32l4xx_it.o
                0x080015d4                HardFault_Handler
 .text.MemManage_Handler
                0x080015dc        0x8 ./Core/Src/stm32l4xx_it.o
                0x080015dc                MemManage_Handler
 .text.BusFault_Handler
                0x080015e4        0x8 ./Core/Src/stm32l4xx_it.o
                0x080015e4                BusFault_Handler
 .text.UsageFault_Handler
                0x080015ec        0x8 ./Core/Src/stm32l4xx_it.o
                0x080015ec                UsageFault_Handler
 .text.SVC_Handler
                0x080015f4        0xe ./Core/Src/stm32l4xx_it.o
                0x080015f4                SVC_Handler
 .text.DebugMon_Handler
                0x08001602        0xe ./Core/Src/stm32l4xx_it.o
                0x08001602                DebugMon_Handler
 .text.PendSV_Handler
                0x08001610        0xe ./Core/Src/stm32l4xx_it.o
                0x08001610                PendSV_Handler
 .text.SysTick_Handler
                0x0800161e        0xc ./Core/Src/stm32l4xx_it.o
                0x0800161e                SysTick_Handler
 .text.EXTI4_IRQHandler
                0x0800162a        0xe ./Core/Src/stm32l4xx_it.o
                0x0800162a                EXTI4_IRQHandler
 .text.EXTI9_5_IRQHandler
                0x08001638        0xe ./Core/Src/stm32l4xx_it.o
                0x08001638                EXTI9_5_IRQHandler
 *fill*         0x08001646        0x2 
 .text.TIM1_BRK_TIM15_IRQHandler
                0x08001648       0x14 ./Core/Src/stm32l4xx_it.o
                0x08001648                TIM1_BRK_TIM15_IRQHandler
 .text.TIM3_IRQHandler
                0x0800165c       0x14 ./Core/Src/stm32l4xx_it.o
                0x0800165c                TIM3_IRQHandler
 .text.EXTI15_10_IRQHandler
                0x08001670       0x28 ./Core/Src/stm32l4xx_it.o
                0x08001670                EXTI15_10_IRQHandler
 .text.TIM5_IRQHandler
                0x08001698       0x14 ./Core/Src/stm32l4xx_it.o
                0x08001698                TIM5_IRQHandler
 .text.SystemInit
                0x080016ac       0x24 ./Core/Src/system_stm32l4xx.o
                0x080016ac                SystemInit
 .text.MX_TIM3_Init
                0x080016d0       0x9c ./Core/Src/tim.o
                0x080016d0                MX_TIM3_Init
 .text.MX_TIM4_Init
                0x0800176c       0xa0 ./Core/Src/tim.o
                0x0800176c                MX_TIM4_Init
 .text.MX_TIM5_Init
                0x0800180c       0xa0 ./Core/Src/tim.o
                0x0800180c                MX_TIM5_Init
 .text.MX_TIM15_Init
                0x080018ac       0xa4 ./Core/Src/tim.o
                0x080018ac                MX_TIM15_Init
 .text.HAL_TIM_Base_MspInit
                0x08001950       0xe4 ./Core/Src/tim.o
                0x08001950                HAL_TIM_Base_MspInit
 .text.Traffic  0x08001a34      0x4bc ./Core/Src/traffic.o
                0x08001a34                Traffic
 .text.init_program
                0x08001ef0       0x90 ./Core/Src/traffic_functions.o
                0x08001ef0                init_program
 .text.stop_and_resetTimer
                0x08001f80       0x1e ./Core/Src/traffic_functions.o
                0x08001f80                stop_and_resetTimer
 *fill*         0x08001f9e        0x2 
 .text.no_active_cars
                0x08001fa0       0x64 ./Core/Src/traffic_functions.o
                0x08001fa0                no_active_cars
 .text.active_cars_at
                0x08002004       0x7c ./Core/Src/traffic_functions.o
                0x08002004                active_cars_at
 .text.MX_USART2_UART_Init
                0x08002080       0x60 ./Core/Src/usart.o
                0x08002080                MX_USART2_UART_Init
 .text.HAL_UART_MspInit
                0x080020e0       0xb8 ./Core/Src/usart.o
                0x080020e0                HAL_UART_MspInit
 .text.Reset_Handler
                0x08002198       0x50 ./Core/Startup/startup_stm32l476rgtx.o
                0x08002198                Reset_Handler
 .text.Default_Handler
                0x080021e8        0x2 ./Core/Startup/startup_stm32l476rgtx.o
                0x080021e8                RTC_Alarm_IRQHandler
                0x080021e8                EXTI2_IRQHandler
                0x080021e8                TIM8_TRG_COM_IRQHandler
                0x080021e8                TIM8_CC_IRQHandler
                0x080021e8                TIM1_CC_IRQHandler
                0x080021e8                TSC_IRQHandler
                0x080021e8                TAMP_STAMP_IRQHandler
                0x080021e8                EXTI3_IRQHandler
                0x080021e8                LPTIM2_IRQHandler
                0x080021e8                DFSDM1_FLT1_IRQHandler
                0x080021e8                I2C3_ER_IRQHandler
                0x080021e8                DFSDM1_FLT2_IRQHandler
                0x080021e8                EXTI0_IRQHandler
                0x080021e8                I2C2_EV_IRQHandler
                0x080021e8                CAN1_RX0_IRQHandler
                0x080021e8                FPU_IRQHandler
                0x080021e8                TIM1_UP_TIM16_IRQHandler
                0x080021e8                ADC1_2_IRQHandler
                0x080021e8                SPI1_IRQHandler
                0x080021e8                TIM6_DAC_IRQHandler
                0x080021e8                TIM8_UP_IRQHandler
                0x080021e8                DMA2_Channel2_IRQHandler
                0x080021e8                DMA1_Channel4_IRQHandler
                0x080021e8                SAI2_IRQHandler
                0x080021e8                DFSDM1_FLT3_IRQHandler
                0x080021e8                USART3_IRQHandler
                0x080021e8                DMA1_Channel7_IRQHandler
                0x080021e8                CAN1_RX1_IRQHandler
                0x080021e8                LCD_IRQHandler
                0x080021e8                UART5_IRQHandler
                0x080021e8                ADC3_IRQHandler
                0x080021e8                TIM4_IRQHandler
                0x080021e8                DMA2_Channel1_IRQHandler
                0x080021e8                QUADSPI_IRQHandler
                0x080021e8                I2C1_EV_IRQHandler
                0x080021e8                DMA1_Channel6_IRQHandler
                0x080021e8                UART4_IRQHandler
                0x080021e8                DMA2_Channel4_IRQHandler
                0x080021e8                RCC_IRQHandler
                0x080021e8                DMA1_Channel1_IRQHandler
                0x080021e8                Default_Handler
                0x080021e8                DMA2_Channel7_IRQHandler
                0x080021e8                TIM7_IRQHandler
                0x080021e8                SDMMC1_IRQHandler
                0x080021e8                I2C3_EV_IRQHandler
                0x080021e8                RTC_WKUP_IRQHandler
                0x080021e8                PVD_PVM_IRQHandler
                0x080021e8                SPI2_IRQHandler
                0x080021e8                CAN1_TX_IRQHandler
                0x080021e8                DMA2_Channel5_IRQHandler
                0x080021e8                DMA1_Channel5_IRQHandler
                0x080021e8                RNG_IRQHandler
                0x080021e8                TIM1_TRG_COM_TIM17_IRQHandler
                0x080021e8                DMA1_Channel3_IRQHandler
                0x080021e8                COMP_IRQHandler
                0x080021e8                WWDG_IRQHandler
                0x080021e8                LPUART1_IRQHandler
                0x080021e8                DMA2_Channel6_IRQHandler
                0x080021e8                TIM2_IRQHandler
                0x080021e8                EXTI1_IRQHandler
                0x080021e8                USART2_IRQHandler
                0x080021e8                DFSDM1_FLT0_IRQHandler
                0x080021e8                I2C2_ER_IRQHandler
                0x080021e8                DMA1_Channel2_IRQHandler
                0x080021e8                TIM8_BRK_IRQHandler
                0x080021e8                CAN1_SCE_IRQHandler
                0x080021e8                FLASH_IRQHandler
                0x080021e8                USART1_IRQHandler
                0x080021e8                OTG_FS_IRQHandler
                0x080021e8                SPI3_IRQHandler
                0x080021e8                I2C1_ER_IRQHandler
                0x080021e8                FMC_IRQHandler
                0x080021e8                SWPMI1_IRQHandler
                0x080021e8                LPTIM1_IRQHandler
                0x080021e8                SAI1_IRQHandler
                0x080021e8                DMA2_Channel3_IRQHandler
 *fill*         0x080021ea        0x2 
 .text.HAL_Init
                0x080021ec       0x40 ./Drivers/STM32L4xx_HAL_Driver/Src/stm32l4xx_hal.o
                0x080021ec                HAL_Init
 .text.HAL_InitTick
                0x0800222c       0x78 ./Drivers/STM32L4xx_HAL_Driver/Src/stm32l4xx_hal.o
                0x0800222c                HAL_InitTick
 .text.HAL_IncTick
                0x080022a4       0x28 ./Drivers/STM32L4xx_HAL_Driver/Src/stm32l4xx_hal.o
                0x080022a4                HAL_IncTick
 .text.HAL_GetTick
                0x080022cc       0x18 ./Drivers/STM32L4xx_HAL_Driver/Src/stm32l4xx_hal.o
                0x080022cc                HAL_GetTick
 .text.HAL_Delay
                0x080022e4       0x48 ./Drivers/STM32L4xx_HAL_Driver/Src/stm32l4xx_hal.o
                0x080022e4                HAL_Delay
 .text.__NVIC_SetPriorityGrouping
                0x0800232c       0x48 ./Drivers/STM32L4xx_HAL_Driver/Src/stm32l4xx_hal_cortex.o
 .text.__NVIC_GetPriorityGrouping
                0x08002374       0x1c ./Drivers/STM32L4xx_HAL_Driver/Src/stm32l4xx_hal_cortex.o
 .text.__NVIC_EnableIRQ
                0x08002390       0x3c ./Drivers/STM32L4xx_HAL_Driver/Src/stm32l4xx_hal_cortex.o
 .text.__NVIC_SetPriority
                0x080023cc       0x54 ./Drivers/STM32L4xx_HAL_Driver/Src/stm32l4xx_hal_cortex.o
 .text.NVIC_EncodePriority
                0x08002420       0x66 ./Drivers/STM32L4xx_HAL_Driver/Src/stm32l4xx_hal_cortex.o
 *fill*         0x08002486        0x2 
 .text.SysTick_Config
                0x08002488       0x44 ./Drivers/STM32L4xx_HAL_Driver/Src/stm32l4xx_hal_cortex.o
 .text.HAL_NVIC_SetPriorityGrouping
                0x080024cc       0x16 ./Drivers/STM32L4xx_HAL_Driver/Src/stm32l4xx_hal_cortex.o
                0x080024cc                HAL_NVIC_SetPriorityGrouping
 .text.HAL_NVIC_SetPriority
                0x080024e2       0x38 ./Drivers/STM32L4xx_HAL_Driver/Src/stm32l4xx_hal_cortex.o
                0x080024e2                HAL_NVIC_SetPriority
 .text.HAL_NVIC_EnableIRQ
                0x0800251a       0x1c ./Drivers/STM32L4xx_HAL_Driver/Src/stm32l4xx_hal_cortex.o
                0x0800251a                HAL_NVIC_EnableIRQ
 .text.HAL_SYSTICK_Config
                0x08002536       0x18 ./Drivers/STM32L4xx_HAL_Driver/Src/stm32l4xx_hal_cortex.o
                0x08002536                HAL_SYSTICK_Config
 *fill*         0x0800254e        0x2 
 .text.HAL_GPIO_Init
                0x08002550      0x354 ./Drivers/STM32L4xx_HAL_Driver/Src/stm32l4xx_hal_gpio.o
                0x08002550                HAL_GPIO_Init
 .text.HAL_GPIO_ReadPin
                0x080028a4       0x30 ./Drivers/STM32L4xx_HAL_Driver/Src/stm32l4xx_hal_gpio.o
                0x080028a4                HAL_GPIO_ReadPin
 .text.HAL_GPIO_WritePin
                0x080028d4       0x30 ./Drivers/STM32L4xx_HAL_Driver/Src/stm32l4xx_hal_gpio.o
                0x080028d4                HAL_GPIO_WritePin
 .text.HAL_GPIO_EXTI_IRQHandler
                0x08002904       0x30 ./Drivers/STM32L4xx_HAL_Driver/Src/stm32l4xx_hal_gpio.o
                0x08002904                HAL_GPIO_EXTI_IRQHandler
 .text.HAL_PWREx_GetVoltageRange
                0x08002934       0x1c ./Drivers/STM32L4xx_HAL_Driver/Src/stm32l4xx_hal_pwr_ex.o
                0x08002934                HAL_PWREx_GetVoltageRange
 .text.HAL_PWREx_ControlVoltageScaling
                0x08002950       0xac ./Drivers/STM32L4xx_HAL_Driver/Src/stm32l4xx_hal_pwr_ex.o
                0x08002950                HAL_PWREx_ControlVoltageScaling
 .text.HAL_RCC_OscConfig
                0x080029fc      0x7b8 ./Drivers/STM32L4xx_HAL_Driver/Src/stm32l4xx_hal_rcc.o
                0x080029fc                HAL_RCC_OscConfig
 .text.HAL_RCC_ClockConfig
                0x080031b4      0x200 ./Drivers/STM32L4xx_HAL_Driver/Src/stm32l4xx_hal_rcc.o
                0x080031b4                HAL_RCC_ClockConfig
 .text.HAL_RCC_GetSysClockFreq
                0x080033b4      0x118 ./Drivers/STM32L4xx_HAL_Driver/Src/stm32l4xx_hal_rcc.o
                0x080033b4                HAL_RCC_GetSysClockFreq
 .text.HAL_RCC_GetHCLKFreq
                0x080034cc       0x18 ./Drivers/STM32L4xx_HAL_Driver/Src/stm32l4xx_hal_rcc.o
                0x080034cc                HAL_RCC_GetHCLKFreq
 .text.HAL_RCC_GetPCLK1Freq
                0x080034e4       0x2c ./Drivers/STM32L4xx_HAL_Driver/Src/stm32l4xx_hal_rcc.o
                0x080034e4                HAL_RCC_GetPCLK1Freq
 .text.HAL_RCC_GetPCLK2Freq
                0x08003510       0x2c ./Drivers/STM32L4xx_HAL_Driver/Src/stm32l4xx_hal_rcc.o
                0x08003510                HAL_RCC_GetPCLK2Freq
 .text.RCC_SetFlashLatencyFromMSIRange
                0x0800353c       0xc0 ./Drivers/STM32L4xx_HAL_Driver/Src/stm32l4xx_hal_rcc.o
 .text.HAL_RCCEx_PeriphCLKConfig
                0x080035fc      0x5d4 ./Drivers/STM32L4xx_HAL_Driver/Src/stm32l4xx_hal_rcc_ex.o
                0x080035fc                HAL_RCCEx_PeriphCLKConfig
 .text.RCCEx_PLLSAI1_Config
                0x08003bd0      0x1e8 ./Drivers/STM32L4xx_HAL_Driver/Src/stm32l4xx_hal_rcc_ex.o
 .text.RCCEx_PLLSAI2_Config
                0x08003db8      0x1bc ./Drivers/STM32L4xx_HAL_Driver/Src/stm32l4xx_hal_rcc_ex.o
 .text.HAL_SPI_Init
                0x08003f74      0x146 ./Drivers/STM32L4xx_HAL_Driver/Src/stm32l4xx_hal_spi.o
                0x08003f74                HAL_SPI_Init
 .text.HAL_SPI_Transmit
                0x080040ba      0x2ec ./Drivers/STM32L4xx_HAL_Driver/Src/stm32l4xx_hal_spi.o
                0x080040ba                HAL_SPI_Transmit
 *fill*         0x080043a6        0x2 
 .text.SPI_WaitFlagStateUntilTimeout
                0x080043a8      0x110 ./Drivers/STM32L4xx_HAL_Driver/Src/stm32l4xx_hal_spi.o
 .text.SPI_WaitFifoStateUntilTimeout
                0x080044b8      0x12c ./Drivers/STM32L4xx_HAL_Driver/Src/stm32l4xx_hal_spi.o
 .text.SPI_EndRxTxTransaction
                0x080045e4       0x8c ./Drivers/STM32L4xx_HAL_Driver/Src/stm32l4xx_hal_spi.o
 .text.HAL_TIM_Base_Init
                0x08004670       0xae ./Drivers/STM32L4xx_HAL_Driver/Src/stm32l4xx_hal_tim.o
                0x08004670                HAL_TIM_Base_Init
 *fill*         0x0800471e        0x2 
 .text.HAL_TIM_Base_Start
                0x08004720       0xd0 ./Drivers/STM32L4xx_HAL_Driver/Src/stm32l4xx_hal_tim.o
                0x08004720                HAL_TIM_Base_Start
 .text.HAL_TIM_Base_Stop
                0x080047f0       0x4e ./Drivers/STM32L4xx_HAL_Driver/Src/stm32l4xx_hal_tim.o
                0x080047f0                HAL_TIM_Base_Stop
 *fill*         0x0800483e        0x2 
 .text.HAL_TIM_Base_Start_IT
                0x08004840       0xe0 ./Drivers/STM32L4xx_HAL_Driver/Src/stm32l4xx_hal_tim.o
                0x08004840                HAL_TIM_Base_Start_IT
 .text.HAL_TIM_Base_Stop_IT
                0x08004920       0x5e ./Drivers/STM32L4xx_HAL_Driver/Src/stm32l4xx_hal_tim.o
                0x08004920                HAL_TIM_Base_Stop_IT
 .text.HAL_TIM_IRQHandler
                0x0800497e      0x20e ./Drivers/STM32L4xx_HAL_Driver/Src/stm32l4xx_hal_tim.o
                0x0800497e                HAL_TIM_IRQHandler
 .text.HAL_TIM_ConfigClockSource
                0x08004b8c      0x192 ./Drivers/STM32L4xx_HAL_Driver/Src/stm32l4xx_hal_tim.o
                0x08004b8c                HAL_TIM_ConfigClockSource
 .text.HAL_TIM_OC_DelayElapsedCallback
                0x08004d1e       0x14 ./Drivers/STM32L4xx_HAL_Driver/Src/stm32l4xx_hal_tim.o
                0x08004d1e                HAL_TIM_OC_DelayElapsedCallback
 .text.HAL_TIM_IC_CaptureCallback
                0x08004d32       0x14 ./Drivers/STM32L4xx_HAL_Driver/Src/stm32l4xx_hal_tim.o
                0x08004d32                HAL_TIM_IC_CaptureCallback
 .text.HAL_TIM_PWM_PulseFinishedCallback
                0x08004d46       0x14 ./Drivers/STM32L4xx_HAL_Driver/Src/stm32l4xx_hal_tim.o
                0x08004d46                HAL_TIM_PWM_PulseFinishedCallback
 .text.HAL_TIM_TriggerCallback
                0x08004d5a       0x14 ./Drivers/STM32L4xx_HAL_Driver/Src/stm32l4xx_hal_tim.o
                0x08004d5a                HAL_TIM_TriggerCallback
 *fill*         0x08004d6e        0x2 
 .text.TIM_Base_SetConfig
                0x08004d70      0x14c ./Drivers/STM32L4xx_HAL_Driver/Src/stm32l4xx_hal_tim.o
                0x08004d70                TIM_Base_SetConfig
 .text.TIM_TI1_ConfigInputStage
                0x08004ebc       0x5e ./Drivers/STM32L4xx_HAL_Driver/Src/stm32l4xx_hal_tim.o
 .text.TIM_TI2_ConfigInputStage
                0x08004f1a       0x60 ./Drivers/STM32L4xx_HAL_Driver/Src/stm32l4xx_hal_tim.o
 .text.TIM_ITRx_SetConfig
                0x08004f7a       0x36 ./Drivers/STM32L4xx_HAL_Driver/Src/stm32l4xx_hal_tim.o
 .text.TIM_ETR_SetConfig
                0x08004fb0       0x40 ./Drivers/STM32L4xx_HAL_Driver/Src/stm32l4xx_hal_tim.o
                0x08004fb0                TIM_ETR_SetConfig
 .text.HAL_TIMEx_MasterConfigSynchronization
                0x08004ff0      0x110 ./Drivers/STM32L4xx_HAL_Driver/Src/stm32l4xx_hal_tim_ex.o
                0x08004ff0                HAL_TIMEx_MasterConfigSynchronization
 .text.HAL_TIMEx_CommutCallback
                0x08005100       0x14 ./Drivers/STM32L4xx_HAL_Driver/Src/stm32l4xx_hal_tim_ex.o
                0x08005100                HAL_TIMEx_CommutCallback
 .text.HAL_TIMEx_BreakCallback
                0x08005114       0x14 ./Drivers/STM32L4xx_HAL_Driver/Src/stm32l4xx_hal_tim_ex.o
                0x08005114                HAL_TIMEx_BreakCallback
 .text.HAL_TIMEx_Break2Callback
                0x08005128       0x14 ./Drivers/STM32L4xx_HAL_Driver/Src/stm32l4xx_hal_tim_ex.o
                0x08005128                HAL_TIMEx_Break2Callback
 .text.HAL_UART_Init
                0x0800513c       0x9c ./Drivers/STM32L4xx_HAL_Driver/Src/stm32l4xx_hal_uart.o
                0x0800513c                HAL_UART_Init
 .text.UART_SetConfig
                0x080051d8      0x570 ./Drivers/STM32L4xx_HAL_Driver/Src/stm32l4xx_hal_uart.o
                0x080051d8                UART_SetConfig
 .text.UART_AdvFeatureConfig
                0x08005748      0x144 ./Drivers/STM32L4xx_HAL_Driver/Src/stm32l4xx_hal_uart.o
                0x08005748                UART_AdvFeatureConfig
 .text.UART_CheckIdleState
                0x0800588c      0x150 ./Drivers/STM32L4xx_HAL_Driver/Src/stm32l4xx_hal_uart.o
                0x0800588c                UART_CheckIdleState
 .text.UART_WaitOnFlagUntilTimeout
                0x080059dc       0xda ./Drivers/STM32L4xx_HAL_Driver/Src/stm32l4xx_hal_uart.o
                0x080059dc                UART_WaitOnFlagUntilTimeout
 .text.UART_EndRxTransfer
                0x08005ab6       0xc8 ./Drivers/STM32L4xx_HAL_Driver/Src/stm32l4xx_hal_uart.o
 .text.memset   0x08005b7e       0x10 /opt/st/stm32cubeide_1.16.1/plugins/com.st.stm32cube.ide.mcu.externaltools.gnu-tools-for-stm32.12.3.rel1.linux64_1.0.200.202406132123/tools/bin/../lib/gcc/arm-none-eabi/12.3.1/../../../../arm-none-eabi/lib/thumb/v7e-m+fp/hard/libc_nano.a(libc_a-memset.o)
                0x08005b7e                memset
 *fill*         0x08005b8e        0x2 
 .text.__libc_init_array
                0x08005b90       0x48 /opt/st/stm32cubeide_1.16.1/plugins/com.st.stm32cube.ide.mcu.externaltools.gnu-tools-for-stm32.12.3.rel1.linux64_1.0.200.202406132123/tools/bin/../lib/gcc/arm-none-eabi/12.3.1/../../../../arm-none-eabi/lib/thumb/v7e-m+fp/hard/libc_nano.a(libc_a-init.o)
                0x08005b90                __libc_init_array
 *(.glue_7)
 .glue_7        0x08005bd8        0x0 linker stubs
 *(.glue_7t)
 .glue_7t       0x08005bd8        0x0 linker stubs
 *(.eh_frame)
 .eh_frame      0x08005bd8        0x0 /opt/st/stm32cubeide_1.16.1/plugins/com.st.stm32cube.ide.mcu.externaltools.gnu-tools-for-stm32.12.3.rel1.linux64_1.0.200.202406132123/tools/bin/../lib/gcc/arm-none-eabi/12.3.1/thumb/v7e-m+fp/hard/crtbegin.o
 *(.init)
 .init          0x08005bd8        0x4 /opt/st/stm32cubeide_1.16.1/plugins/com.st.stm32cube.ide.mcu.externaltools.gnu-tools-for-stm32.12.3.rel1.linux64_1.0.200.202406132123/tools/bin/../lib/gcc/arm-none-eabi/12.3.1/thumb/v7e-m+fp/hard/crti.o
                0x08005bd8                _init
 .init          0x08005bdc        0x8 /opt/st/stm32cubeide_1.16.1/plugins/com.st.stm32cube.ide.mcu.externaltools.gnu-tools-for-stm32.12.3.rel1.linux64_1.0.200.202406132123/tools/bin/../lib/gcc/arm-none-eabi/12.3.1/thumb/v7e-m+fp/hard/crtn.o
 *(.fini)
 .fini          0x08005be4        0x4 /opt/st/stm32cubeide_1.16.1/plugins/com.st.stm32cube.ide.mcu.externaltools.gnu-tools-for-stm32.12.3.rel1.linux64_1.0.200.202406132123/tools/bin/../lib/gcc/arm-none-eabi/12.3.1/thumb/v7e-m+fp/hard/crti.o
                0x08005be4                _fini
 .fini          0x08005be8        0x8 /opt/st/stm32cubeide_1.16.1/plugins/com.st.stm32cube.ide.mcu.externaltools.gnu-tools-for-stm32.12.3.rel1.linux64_1.0.200.202406132123/tools/bin/../lib/gcc/arm-none-eabi/12.3.1/thumb/v7e-m+fp/hard/crtn.o
                0x08005bf0                        . = ALIGN (0x4)
                0x08005bf0                        _etext = .

.vfp11_veneer   0x08005bf0        0x0
 .vfp11_veneer  0x08005bf0        0x0 linker stubs

.v4_bx          0x08005bf0        0x0
 .v4_bx         0x08005bf0        0x0 linker stubs

.iplt           0x08005bf0        0x0
 .iplt          0x08005bf0        0x0 /opt/st/stm32cubeide_1.16.1/plugins/com.st.stm32cube.ide.mcu.externaltools.gnu-tools-for-stm32.12.3.rel1.linux64_1.0.200.202406132123/tools/bin/../lib/gcc/arm-none-eabi/12.3.1/thumb/v7e-m+fp/hard/crtbegin.o

.rodata         0x08005bf0      0x3dc
                0x08005bf0                        . = ALIGN (0x4)
 *(.rodata)
 .rodata        0x08005bf0       0x78 ./Core/Src/595_shiftreg.o
 .rodata        0x08005c68       0xba ./Core/Src/clock.o
 *fill*         0x08005d22        0x2 
 .rodata        0x08005d24       0x19 ./Core/Src/ssd1306_config.o
 *fill*         0x08005d3d        0x3 
 .rodata        0x08005d40       0x62 ./Core/Src/traffic_functions.o
 *(.rodata*)
 *fill*         0x08005da2        0x2 
 .rodata.init_state
                0x08005da4        0x4 ./Core/Src/595_shiftreg.o
                0x08005da4                init_state
 .rodata.Font5x7
                0x08005da8      0x1db ./Core/Src/fonts.o
                0x08005da8                Font5x7
 *fill*         0x08005f83        0x1 
 .rodata.AHBPrescTable
                0x08005f84       0x10 ./Core/Src/system_stm32l4xx.o
                0x08005f84                AHBPrescTable
 .rodata.APBPrescTable
                0x08005f94        0x8 ./Core/Src/system_stm32l4xx.o
                0x08005f94                APBPrescTable
 .rodata.MSIRangeTable
                0x08005f9c       0x30 ./Core/Src/system_stm32l4xx.o
                0x08005f9c                MSIRangeTable
                0x08005fcc                        . = ALIGN (0x4)

.ARM.extab      0x08005fcc        0x0
                0x08005fcc                        . = ALIGN (0x4)
 *(.ARM.extab* .gnu.linkonce.armextab.*)
                0x08005fcc                        . = ALIGN (0x4)

.ARM            0x08005fcc        0x8
                0x08005fcc                        . = ALIGN (0x4)
                0x08005fcc                        __exidx_start = .
 *(.ARM.exidx*)
 .ARM.exidx     0x08005fcc        0x8 /opt/st/stm32cubeide_1.16.1/plugins/com.st.stm32cube.ide.mcu.externaltools.gnu-tools-for-stm32.12.3.rel1.linux64_1.0.200.202406132123/tools/bin/../lib/gcc/arm-none-eabi/12.3.1/thumb/v7e-m+fp/hard/libgcc.a(_udivmoddi4.o)
                0x08005fd4                        __exidx_end = .
                0x08005fd4                        . = ALIGN (0x4)

.preinit_array  0x08005fd4        0x0
                0x08005fd4                        . = ALIGN (0x4)
                0x08005fd4                        PROVIDE (__preinit_array_start = .)
 *(.preinit_array*)
                0x08005fd4                        PROVIDE (__preinit_array_end = .)
                0x08005fd4                        . = ALIGN (0x4)

.init_array     0x08005fd4        0x4
                0x08005fd4                        . = ALIGN (0x4)
                0x08005fd4                        PROVIDE (__init_array_start = .)
 *(SORT_BY_NAME(.init_array.*))
 *(.init_array*)
 .init_array    0x08005fd4        0x4 /opt/st/stm32cubeide_1.16.1/plugins/com.st.stm32cube.ide.mcu.externaltools.gnu-tools-for-stm32.12.3.rel1.linux64_1.0.200.202406132123/tools/bin/../lib/gcc/arm-none-eabi/12.3.1/thumb/v7e-m+fp/hard/crtbegin.o
                0x08005fd8                        PROVIDE (__init_array_end = .)
                0x08005fd8                        . = ALIGN (0x4)

.fini_array     0x08005fd8        0x4
                0x08005fd8                        . = ALIGN (0x4)
                [!provide]                        PROVIDE (__fini_array_start = .)
 *(SORT_BY_NAME(.fini_array.*))
 *(.fini_array*)
 .fini_array    0x08005fd8        0x4 /opt/st/stm32cubeide_1.16.1/plugins/com.st.stm32cube.ide.mcu.externaltools.gnu-tools-for-stm32.12.3.rel1.linux64_1.0.200.202406132123/tools/bin/../lib/gcc/arm-none-eabi/12.3.1/thumb/v7e-m+fp/hard/crtbegin.o
                [!provide]                        PROVIDE (__fini_array_end = .)
                0x08005fdc                        . = ALIGN (0x4)
                0x08005fdc                        _sidata = LOADADDR (.data)

.rel.dyn        0x08005fdc        0x0
 .rel.iplt      0x08005fdc        0x0 /opt/st/stm32cubeide_1.16.1/plugins/com.st.stm32cube.ide.mcu.externaltools.gnu-tools-for-stm32.12.3.rel1.linux64_1.0.200.202406132123/tools/bin/../lib/gcc/arm-none-eabi/12.3.1/thumb/v7e-m+fp/hard/crtbegin.o

.data           0x20000000       0x10 load address 0x08005fdc
                0x20000000                        . = ALIGN (0x4)
                0x20000000                        _sdata = .
 *(.data)
 *(.data*)
 .data.crosswalk1_green
                0x20000000        0x1 ./Core/Src/595_shiftreg.o
                0x20000000                crosswalk1_green
 .data.crosswalk2_red
                0x20000001        0x1 ./Core/Src/595_shiftreg.o
                0x20000001                crosswalk2_red
 .data.intersection1_red
                0x20000002        0x1 ./Core/Src/595_shiftreg.o
                0x20000002                intersection1_red
 .data.intersection2_green
                0x20000003        0x1 ./Core/Src/595_shiftreg.o
                0x20000003                intersection2_green
 .data.SystemCoreClock
                0x20000004        0x4 ./Core/Src/system_stm32l4xx.o
                0x20000004                SystemCoreClock
 .data.uwTickPrio
                0x20000008        0x4 ./Drivers/STM32L4xx_HAL_Driver/Src/stm32l4xx_hal.o
                0x20000008                uwTickPrio
 .data.uwTickFreq
                0x2000000c        0x1 ./Drivers/STM32L4xx_HAL_Driver/Src/stm32l4xx_hal.o
                0x2000000c                uwTickFreq
 *(.RamFunc)
 *(.RamFunc*)
                0x20000010                        . = ALIGN (0x4)
 *fill*         0x2000000d        0x3 
                0x20000010                        _edata = .

.igot.plt       0x20000010        0x0 load address 0x08005fec
 .igot.plt      0x20000010        0x0 /opt/st/stm32cubeide_1.16.1/plugins/com.st.stm32cube.ide.mcu.externaltools.gnu-tools-for-stm32.12.3.rel1.linux64_1.0.200.202406132123/tools/bin/../lib/gcc/arm-none-eabi/12.3.1/thumb/v7e-m+fp/hard/crtbegin.o
                0x20000010                        . = ALIGN (0x4)

.bss            0x20000010      0x6ec load address 0x08005fec
                0x20000010                        _sbss = .
                0x20000010                        __bss_start__ = _sbss
 *(.bss)
 .bss           0x20000010       0x1c /opt/st/stm32cubeide_1.16.1/plugins/com.st.stm32cube.ide.mcu.externaltools.gnu-tools-for-stm32.12.3.rel1.linux64_1.0.200.202406132123/tools/bin/../lib/gcc/arm-none-eabi/12.3.1/thumb/v7e-m+fp/hard/crtbegin.o
 *(.bss*)
 .bss.shiftreg_buffer
                0x2000002c        0x3 ./Core/Src/595_shiftreg.o
                0x2000002c                shiftreg_buffer
 .bss.crosswalk1_red
                0x2000002f        0x1 ./Core/Src/595_shiftreg.o
                0x2000002f                crosswalk1_red
 .bss.crosswalk2_green
                0x20000030        0x1 ./Core/Src/595_shiftreg.o
                0x20000030                crosswalk2_green
 .bss.PL1_SW_HIT
                0x20000031        0x1 ./Core/Src/595_shiftreg.o
                0x20000031                PL1_SW_HIT
 .bss.PL2_SW_HIT
                0x20000032        0x1 ./Core/Src/595_shiftreg.o
                0x20000032                PL2_SW_HIT
 .bss.intersection1_green
                0x20000033        0x1 ./Core/Src/595_shiftreg.o
                0x20000033                intersection1_green
 .bss.intersection2_red
                0x20000034        0x1 ./Core/Src/595_shiftreg.o
                0x20000034                intersection2_red
 *fill*         0x20000035        0x3 
 .bss.pin.13    0x20000038        0x4 ./Core/Src/595_shiftreg.o
 .bss.toggle.12
                0x2000003c        0x1 ./Core/Src/595_shiftreg.o
 *fill*         0x2000003d        0x3 
 .bss.pin_red.11
                0x20000040        0x4 ./Core/Src/595_shiftreg.o
 .bss.pin_green.10
                0x20000044        0x4 ./Core/Src/595_shiftreg.o
 .bss.pin_green.9
                0x20000048        0x4 ./Core/Src/595_shiftreg.o
 .bss.pin_red.8
                0x2000004c        0x4 ./Core/Src/595_shiftreg.o
 .bss.stage.7   0x20000050        0x1 ./Core/Src/595_shiftreg.o
 *fill*         0x20000051        0x3 
 .bss.greens.6  0x20000054        0x4 ./Core/Src/595_shiftreg.o
 .bss.yellows.5
                0x20000058        0x4 ./Core/Src/595_shiftreg.o
 .bss.reds.4    0x2000005c        0x4 ./Core/Src/595_shiftreg.o
 .bss.stage.3   0x20000060        0x1 ./Core/Src/595_shiftreg.o
 *fill*         0x20000061        0x3 
 .bss.greens.2  0x20000064        0x4 ./Core/Src/595_shiftreg.o
 .bss.yellows.1
                0x20000068        0x4 ./Core/Src/595_shiftreg.o
 .bss.reds.0    0x2000006c        0x4 ./Core/Src/595_shiftreg.o
 .bss.hspi2     0x20000070       0x64 ./Core/Src/spi.o
                0x20000070                hspi2
 .bss.hspi3     0x200000d4       0x64 ./Core/Src/spi.o
                0x200000d4                hspi3
 .bss.OLED_framebuffer
                0x20000138      0x400 ./Core/Src/ssd1306_config.o
                0x20000138                OLED_framebuffer
 .bss.htim3     0x20000538       0x4c ./Core/Src/tim.o
                0x20000538                htim3
 .bss.htim4     0x20000584       0x4c ./Core/Src/tim.o
                0x20000584                htim4
 .bss.htim5     0x200005d0       0x4c ./Core/Src/tim.o
                0x200005d0                htim5
 .bss.htim15    0x2000061c       0x4c ./Core/Src/tim.o
                0x2000061c                htim15
 .bss.State     0x20000668        0x1 ./Core/Src/traffic.o
 .bss.NextState
                0x20000669        0x1 ./Core/Src/traffic.o
 .bss.stage.1   0x2000066a        0x1 ./Core/Src/traffic.o
 .bss.stage.0   0x2000066b        0x1 ./Core/Src/traffic.o
 .bss.car1_active
                0x2000066c        0x1 ./Core/Src/traffic_functions.o
                0x2000066c                car1_active
 .bss.car2_active
                0x2000066d        0x1 ./Core/Src/traffic_functions.o
                0x2000066d                car2_active
 .bss.car3_active
                0x2000066e        0x1 ./Core/Src/traffic_functions.o
                0x2000066e                car3_active
 .bss.car4_active
                0x2000066f        0x1 ./Core/Src/traffic_functions.o
                0x2000066f                car4_active
 .bss.huart2    0x20000670       0x88 ./Core/Src/usart.o
                0x20000670                huart2
 .bss.uwTick    0x200006f8        0x4 ./Drivers/STM32L4xx_HAL_Driver/Src/stm32l4xx_hal.o
                0x200006f8                uwTick
 *(COMMON)
                0x200006fc                        . = ALIGN (0x4)
                0x200006fc                        _ebss = .
                0x200006fc                        __bss_end__ = _ebss

._user_heap_stack
                0x200006fc      0x604 load address 0x08005fec
                0x20000700                        . = ALIGN (0x8)
 *fill*         0x200006fc        0x4 
                [!provide]                        PROVIDE (end = .)
                0x20000700                        PROVIDE (_end = .)
                0x20000900                        . = (. + _Min_Heap_Size)
 *fill*         0x20000700      0x200 
                0x20000d00                        . = (. + _Min_Stack_Size)
 *fill*         0x20000900      0x400 
                0x20000d00                        . = ALIGN (0x8)

/DISCARD/
 libc.a(*)
 libm.a(*)
 libgcc.a(*)

.ARM.attributes
                0x00000000       0x30
 *(.ARM.attributes)
 .ARM.attributes
                0x00000000       0x22 /opt/st/stm32cubeide_1.16.1/plugins/com.st.stm32cube.ide.mcu.externaltools.gnu-tools-for-stm32.12.3.rel1.linux64_1.0.200.202406132123/tools/bin/../lib/gcc/arm-none-eabi/12.3.1/thumb/v7e-m+fp/hard/crti.o
 .ARM.attributes
                0x00000022       0x34 /opt/st/stm32cubeide_1.16.1/plugins/com.st.stm32cube.ide.mcu.externaltools.gnu-tools-for-stm32.12.3.rel1.linux64_1.0.200.202406132123/tools/bin/../lib/gcc/arm-none-eabi/12.3.1/thumb/v7e-m+fp/hard/crtbegin.o
 .ARM.attributes
                0x00000056       0x34 ./Core/Src/595_shiftreg.o
 .ARM.attributes
                0x0000008a       0x34 ./Core/Src/clock.o
 .ARM.attributes
                0x000000be       0x34 ./Core/Src/fonts.o
 .ARM.attributes
                0x000000f2       0x34 ./Core/Src/gpio.o
 .ARM.attributes
                0x00000126       0x34 ./Core/Src/main.o
 .ARM.attributes
                0x0000015a       0x34 ./Core/Src/spi.o
 .ARM.attributes
                0x0000018e       0x34 ./Core/Src/ssd1306_config.o
 .ARM.attributes
                0x000001c2       0x34 ./Core/Src/stm32l4xx_hal_msp.o
 .ARM.attributes
                0x000001f6       0x34 ./Core/Src/stm32l4xx_it.o
 .ARM.attributes
                0x0000022a       0x34 ./Core/Src/system_stm32l4xx.o
 .ARM.attributes
                0x0000025e       0x34 ./Core/Src/tim.o
 .ARM.attributes
                0x00000292       0x34 ./Core/Src/traffic.o
 .ARM.attributes
                0x000002c6       0x34 ./Core/Src/traffic_functions.o
 .ARM.attributes
                0x000002fa       0x34 ./Core/Src/usart.o
 .ARM.attributes
                0x0000032e       0x21 ./Core/Startup/startup_stm32l476rgtx.o
 .ARM.attributes
                0x0000034f       0x34 ./Drivers/STM32L4xx_HAL_Driver/Src/stm32l4xx_hal.o
 .ARM.attributes
                0x00000383       0x34 ./Drivers/STM32L4xx_HAL_Driver/Src/stm32l4xx_hal_cortex.o
 .ARM.attributes
                0x000003b7       0x34 ./Drivers/STM32L4xx_HAL_Driver/Src/stm32l4xx_hal_gpio.o
 .ARM.attributes
                0x000003eb       0x34 ./Drivers/STM32L4xx_HAL_Driver/Src/stm32l4xx_hal_pwr_ex.o
 .ARM.attributes
                0x0000041f       0x34 ./Drivers/STM32L4xx_HAL_Driver/Src/stm32l4xx_hal_rcc.o
 .ARM.attributes
                0x00000453       0x34 ./Drivers/STM32L4xx_HAL_Driver/Src/stm32l4xx_hal_rcc_ex.o
 .ARM.attributes
                0x00000487       0x34 ./Drivers/STM32L4xx_HAL_Driver/Src/stm32l4xx_hal_spi.o
 .ARM.attributes
                0x000004bb       0x34 ./Drivers/STM32L4xx_HAL_Driver/Src/stm32l4xx_hal_tim.o
 .ARM.attributes
                0x000004ef       0x34 ./Drivers/STM32L4xx_HAL_Driver/Src/stm32l4xx_hal_tim_ex.o
 .ARM.attributes
                0x00000523       0x34 ./Drivers/STM32L4xx_HAL_Driver/Src/stm32l4xx_hal_uart.o
 .ARM.attributes
                0x00000557       0x34 /opt/st/stm32cubeide_1.16.1/plugins/com.st.stm32cube.ide.mcu.externaltools.gnu-tools-for-stm32.12.3.rel1.linux64_1.0.200.202406132123/tools/bin/../lib/gcc/arm-none-eabi/12.3.1/../../../../arm-none-eabi/lib/thumb/v7e-m+fp/hard/libc_nano.a(libc_a-memset.o)
 .ARM.attributes
                0x0000058b       0x34 /opt/st/stm32cubeide_1.16.1/plugins/com.st.stm32cube.ide.mcu.externaltools.gnu-tools-for-stm32.12.3.rel1.linux64_1.0.200.202406132123/tools/bin/../lib/gcc/arm-none-eabi/12.3.1/../../../../arm-none-eabi/lib/thumb/v7e-m+fp/hard/libc_nano.a(libc_a-init.o)
 .ARM.attributes
                0x000005bf       0x22 /opt/st/stm32cubeide_1.16.1/plugins/com.st.stm32cube.ide.mcu.externaltools.gnu-tools-for-stm32.12.3.rel1.linux64_1.0.200.202406132123/tools/bin/../lib/gcc/arm-none-eabi/12.3.1/thumb/v7e-m+fp/hard/libgcc.a(_aeabi_uldivmod.o)
 .ARM.attributes
                0x000005e1       0x34 /opt/st/stm32cubeide_1.16.1/plugins/com.st.stm32cube.ide.mcu.externaltools.gnu-tools-for-stm32.12.3.rel1.linux64_1.0.200.202406132123/tools/bin/../lib/gcc/arm-none-eabi/12.3.1/thumb/v7e-m+fp/hard/libgcc.a(_udivmoddi4.o)
 .ARM.attributes
                0x00000615       0x22 /opt/st/stm32cubeide_1.16.1/plugins/com.st.stm32cube.ide.mcu.externaltools.gnu-tools-for-stm32.12.3.rel1.linux64_1.0.200.202406132123/tools/bin/../lib/gcc/arm-none-eabi/12.3.1/thumb/v7e-m+fp/hard/libgcc.a(_dvmd_tls.o)
 .ARM.attributes
                0x00000637       0x22 /opt/st/stm32cubeide_1.16.1/plugins/com.st.stm32cube.ide.mcu.externaltools.gnu-tools-for-stm32.12.3.rel1.linux64_1.0.200.202406132123/tools/bin/../lib/gcc/arm-none-eabi/12.3.1/thumb/v7e-m+fp/hard/crtn.o
OUTPUT(PRO1_Arvin_Kunalic.elf elf32-littlearm)
LOAD linker stubs
LOAD /opt/st/stm32cubeide_1.16.1/plugins/com.st.stm32cube.ide.mcu.externaltools.gnu-tools-for-stm32.12.3.rel1.linux64_1.0.200.202406132123/tools/bin/../lib/gcc/arm-none-eabi/12.3.1/../../../../arm-none-eabi/lib/thumb/v7e-m+fp/hard/libc.a
LOAD /opt/st/stm32cubeide_1.16.1/plugins/com.st.stm32cube.ide.mcu.externaltools.gnu-tools-for-stm32.12.3.rel1.linux64_1.0.200.202406132123/tools/bin/../lib/gcc/arm-none-eabi/12.3.1/../../../../arm-none-eabi/lib/thumb/v7e-m+fp/hard/libm.a
LOAD /opt/st/stm32cubeide_1.16.1/plugins/com.st.stm32cube.ide.mcu.externaltools.gnu-tools-for-stm32.12.3.rel1.linux64_1.0.200.202406132123/tools/bin/../lib/gcc/arm-none-eabi/12.3.1/thumb/v7e-m+fp/hard/libgcc.a

.debug_info     0x00000000    0x14854
 .debug_info    0x00000000      0xee5 ./Core/Src/595_shiftreg.o
 .debug_info    0x00000ee5      0xb66 ./Core/Src/clock.o
 .debug_info    0x00001a4b       0xc1 ./Core/Src/fonts.o
 .debug_info    0x00001b0c      0x6e1 ./Core/Src/gpio.o
 .debug_info    0x000021ed      0x153 ./Core/Src/main.o
 .debug_info    0x00002340      0xa1c ./Core/Src/spi.o
 .debug_info    0x00002d5c      0x8f3 ./Core/Src/ssd1306_config.o
 .debug_info    0x0000364f      0x2c0 ./Core/Src/stm32l4xx_hal_msp.o
 .debug_info    0x0000390f      0x79e ./Core/Src/stm32l4xx_it.o
 .debug_info    0x000040ad      0x5b1 ./Core/Src/system_stm32l4xx.o
 .debug_info    0x0000465e      0xdcc ./Core/Src/tim.o
 .debug_info    0x0000542a      0x844 ./Core/Src/traffic.o
 .debug_info    0x00005c6e      0x806 ./Core/Src/traffic_functions.o
 .debug_info    0x00006474      0xd22 ./Core/Src/usart.o
 .debug_info    0x00007196       0x30 ./Core/Startup/startup_stm32l476rgtx.o
 .debug_info    0x000071c6      0xc09 ./Drivers/STM32L4xx_HAL_Driver/Src/stm32l4xx_hal.o
 .debug_info    0x00007dcf      0xd81 ./Drivers/STM32L4xx_HAL_Driver/Src/stm32l4xx_hal_cortex.o
 .debug_info    0x00008b50      0x757 ./Drivers/STM32L4xx_HAL_Driver/Src/stm32l4xx_hal_gpio.o
 .debug_info    0x000092a7      0x99e ./Drivers/STM32L4xx_HAL_Driver/Src/stm32l4xx_hal_pwr_ex.o
 .debug_info    0x00009c45      0xc14 ./Drivers/STM32L4xx_HAL_Driver/Src/stm32l4xx_hal_rcc.o
 .debug_info    0x0000a859      0xe11 ./Drivers/STM32L4xx_HAL_Driver/Src/stm32l4xx_hal_rcc_ex.o
 .debug_info    0x0000b66a     0x1549 ./Drivers/STM32L4xx_HAL_Driver/Src/stm32l4xx_hal_spi.o
 .debug_info    0x0000cbb3     0x2a9a ./Drivers/STM32L4xx_HAL_Driver/Src/stm32l4xx_hal_tim.o
 .debug_info    0x0000f64d     0x169e ./Drivers/STM32L4xx_HAL_Driver/Src/stm32l4xx_hal_tim_ex.o
 .debug_info    0x00010ceb     0x3b69 ./Drivers/STM32L4xx_HAL_Driver/Src/stm32l4xx_hal_uart.o

.debug_abbrev   0x00000000     0x2f8f
 .debug_abbrev  0x00000000      0x269 ./Core/Src/595_shiftreg.o
 .debug_abbrev  0x00000269      0x1f9 ./Core/Src/clock.o
 .debug_abbrev  0x00000462       0x63 ./Core/Src/fonts.o
 .debug_abbrev  0x000004c5      0x15b ./Core/Src/gpio.o
 .debug_abbrev  0x00000620       0xca ./Core/Src/main.o
 .debug_abbrev  0x000006ea      0x200 ./Core/Src/spi.o
 .debug_abbrev  0x000008ea      0x23f ./Core/Src/ssd1306_config.o
 .debug_abbrev  0x00000b29       0xc6 ./Core/Src/stm32l4xx_hal_msp.o
 .debug_abbrev  0x00000bef      0x1b0 ./Core/Src/stm32l4xx_it.o
 .debug_abbrev  0x00000d9f      0x11a ./Core/Src/system_stm32l4xx.o
 .debug_abbrev  0x00000eb9      0x206 ./Core/Src/tim.o
 .debug_abbrev  0x000010bf      0x1db ./Core/Src/traffic.o
 .debug_abbrev  0x0000129a      0x21d ./Core/Src/traffic_functions.o
 .debug_abbrev  0x000014b7      0x1f5 ./Core/Src/usart.o
 .debug_abbrev  0x000016ac       0x24 ./Core/Startup/startup_stm32l476rgtx.o
 .debug_abbrev  0x000016d0      0x243 ./Drivers/STM32L4xx_HAL_Driver/Src/stm32l4xx_hal.o
 .debug_abbrev  0x00001913      0x31c ./Drivers/STM32L4xx_HAL_Driver/Src/stm32l4xx_hal_cortex.o
 .debug_abbrev  0x00001c2f      0x1cb ./Drivers/STM32L4xx_HAL_Driver/Src/stm32l4xx_hal_gpio.o
 .debug_abbrev  0x00001dfa      0x1f9 ./Drivers/STM32L4xx_HAL_Driver/Src/stm32l4xx_hal_pwr_ex.o
 .debug_abbrev  0x00001ff3      0x2cb ./Drivers/STM32L4xx_HAL_Driver/Src/stm32l4xx_hal_rcc.o
 .debug_abbrev  0x000022be      0x2a6 ./Drivers/STM32L4xx_HAL_Driver/Src/stm32l4xx_hal_rcc_ex.o
 .debug_abbrev  0x00002564      0x260 ./Drivers/STM32L4xx_HAL_Driver/Src/stm32l4xx_hal_spi.o
 .debug_abbrev  0x000027c4      0x278 ./Drivers/STM32L4xx_HAL_Driver/Src/stm32l4xx_hal_tim.o
 .debug_abbrev  0x00002a3c      0x283 ./Drivers/STM32L4xx_HAL_Driver/Src/stm32l4xx_hal_tim_ex.o
 .debug_abbrev  0x00002cbf      0x2d0 ./Drivers/STM32L4xx_HAL_Driver/Src/stm32l4xx_hal_uart.o

.debug_aranges  0x00000000     0x1218
 .debug_aranges
                0x00000000       0x68 ./Core/Src/595_shiftreg.o
 .debug_aranges
                0x00000068       0x38 ./Core/Src/clock.o
 .debug_aranges
                0x000000a0       0x18 ./Core/Src/fonts.o
 .debug_aranges
                0x000000b8       0x20 ./Core/Src/gpio.o
 .debug_aranges
                0x000000d8       0x20 ./Core/Src/main.o
 .debug_aranges
                0x000000f8       0x38 ./Core/Src/spi.o
 .debug_aranges
                0x00000130       0x58 ./Core/Src/ssd1306_config.o
 .debug_aranges
                0x00000188       0x20 ./Core/Src/stm32l4xx_hal_msp.o
 .debug_aranges
                0x000001a8       0x90 ./Core/Src/stm32l4xx_it.o
 .debug_aranges
                0x00000238       0x28 ./Core/Src/system_stm32l4xx.o
 .debug_aranges
                0x00000260       0x48 ./Core/Src/tim.o
 .debug_aranges
                0x000002a8       0x20 ./Core/Src/traffic.o
 .debug_aranges
                0x000002c8       0x38 ./Core/Src/traffic_functions.o
 .debug_aranges
                0x00000300       0x30 ./Core/Src/usart.o
 .debug_aranges
                0x00000330       0x28 ./Core/Startup/startup_stm32l476rgtx.o
 .debug_aranges
                0x00000358      0x130 ./Drivers/STM32L4xx_HAL_Driver/Src/stm32l4xx_hal.o
 .debug_aranges
                0x00000488      0x128 ./Drivers/STM32L4xx_HAL_Driver/Src/stm32l4xx_hal_cortex.o
 .debug_aranges
                0x000005b0       0x58 ./Drivers/STM32L4xx_HAL_Driver/Src/stm32l4xx_hal_gpio.o
 .debug_aranges
                0x00000608      0x160 ./Drivers/STM32L4xx_HAL_Driver/Src/stm32l4xx_hal_pwr_ex.o
 .debug_aranges
                0x00000768       0x90 ./Drivers/STM32L4xx_HAL_Driver/Src/stm32l4xx_hal_rcc.o
 .debug_aranges
                0x000007f8       0xc0 ./Drivers/STM32L4xx_HAL_Driver/Src/stm32l4xx_hal_rcc_ex.o
 .debug_aranges
                0x000008b8      0x1d8 ./Drivers/STM32L4xx_HAL_Driver/Src/stm32l4xx_hal_spi.o
 .debug_aranges
                0x00000a90      0x3e0 ./Drivers/STM32L4xx_HAL_Driver/Src/stm32l4xx_hal_tim.o
 .debug_aranges
                0x00000e70      0x180 ./Drivers/STM32L4xx_HAL_Driver/Src/stm32l4xx_hal_tim_ex.o
 .debug_aranges
                0x00000ff0      0x228 ./Drivers/STM32L4xx_HAL_Driver/Src/stm32l4xx_hal_uart.o

.debug_rnglists
                0x00000000      0xe12
 .debug_rnglists
                0x00000000       0x4d ./Core/Src/595_shiftreg.o
 .debug_rnglists
                0x0000004d       0x28 ./Core/Src/clock.o
 .debug_rnglists
                0x00000075       0x14 ./Core/Src/gpio.o
 .debug_rnglists
                0x00000089       0x13 ./Core/Src/main.o
 .debug_rnglists
                0x0000009c       0x26 ./Core/Src/spi.o
 .debug_rnglists
                0x000000c2       0x3d ./Core/Src/ssd1306_config.o
 .debug_rnglists
                0x000000ff       0x13 ./Core/Src/stm32l4xx_hal_msp.o
 .debug_rnglists
                0x00000112       0x67 ./Core/Src/stm32l4xx_it.o
 .debug_rnglists
                0x00000179       0x1a ./Core/Src/system_stm32l4xx.o
 .debug_rnglists
                0x00000193       0x37 ./Core/Src/tim.o
 .debug_rnglists
                0x000001ca       0x32 ./Core/Src/traffic.o
 .debug_rnglists
                0x000001fc       0x26 ./Core/Src/traffic_functions.o
 .debug_rnglists
                0x00000222       0x20 ./Core/Src/usart.o
 .debug_rnglists
                0x00000242       0x19 ./Core/Startup/startup_stm32l476rgtx.o
 .debug_rnglists
                0x0000025b       0xdf ./Drivers/STM32L4xx_HAL_Driver/Src/stm32l4xx_hal.o
 .debug_rnglists
                0x0000033a       0xda ./Drivers/STM32L4xx_HAL_Driver/Src/stm32l4xx_hal_cortex.o
 .debug_rnglists
                0x00000414       0x3f ./Drivers/STM32L4xx_HAL_Driver/Src/stm32l4xx_hal_gpio.o
 .debug_rnglists
                0x00000453      0x109 ./Drivers/STM32L4xx_HAL_Driver/Src/stm32l4xx_hal_pwr_ex.o
 .debug_rnglists
                0x0000055c       0x6d ./Drivers/STM32L4xx_HAL_Driver/Src/stm32l4xx_hal_rcc.o
 .debug_rnglists
                0x000005c9       0x95 ./Drivers/STM32L4xx_HAL_Driver/Src/stm32l4xx_hal_rcc_ex.o
 .debug_rnglists
                0x0000065e      0x178 ./Drivers/STM32L4xx_HAL_Driver/Src/stm32l4xx_hal_spi.o
 .debug_rnglists
                0x000007d6      0x328 ./Drivers/STM32L4xx_HAL_Driver/Src/stm32l4xx_hal_tim.o
 .debug_rnglists
                0x00000afe      0x139 ./Drivers/STM32L4xx_HAL_Driver/Src/stm32l4xx_hal_tim_ex.o
 .debug_rnglists
                0x00000c37      0x1db ./Drivers/STM32L4xx_HAL_Driver/Src/stm32l4xx_hal_uart.o

.debug_macro    0x00000000    0x28f9f
 .debug_macro   0x00000000      0x328 ./Core/Src/595_shiftreg.o
 .debug_macro   0x00000328      0xab4 ./Core/Src/595_shiftreg.o
 .debug_macro   0x00000ddc      0x1ad ./Core/Src/595_shiftreg.o
 .debug_macro   0x00000f89       0x2e ./Core/Src/595_shiftreg.o
 .debug_macro   0x00000fb7       0x28 ./Core/Src/595_shiftreg.o
 .debug_macro   0x00000fdf       0x22 ./Core/Src/595_shiftreg.o
 .debug_macro   0x00001001       0x8e ./Core/Src/595_shiftreg.o
 .debug_macro   0x0000108f       0x51 ./Core/Src/595_shiftreg.o
 .debug_macro   0x000010e0      0x103 ./Core/Src/595_shiftreg.o
 .debug_macro   0x000011e3       0x6a ./Core/Src/595_shiftreg.o
 .debug_macro   0x0000124d      0x1df ./Core/Src/595_shiftreg.o
 .debug_macro   0x0000142c       0x1c ./Core/Src/595_shiftreg.o
 .debug_macro   0x00001448       0x22 ./Core/Src/595_shiftreg.o
 .debug_macro   0x0000146a       0xfb ./Core/Src/595_shiftreg.o
 .debug_macro   0x00001565     0x1011 ./Core/Src/595_shiftreg.o
 .debug_macro   0x00002576      0x11f ./Core/Src/595_shiftreg.o
 .debug_macro   0x00002695    0x1a17a ./Core/Src/595_shiftreg.o
 .debug_macro   0x0001c80f       0x6d ./Core/Src/595_shiftreg.o
 .debug_macro   0x0001c87c     0x38fb ./Core/Src/595_shiftreg.o
 .debug_macro   0x00020177      0x189 ./Core/Src/595_shiftreg.o
 .debug_macro   0x00020300       0x5c ./Core/Src/595_shiftreg.o
 .debug_macro   0x0002035c     0x159e ./Core/Src/595_shiftreg.o
 .debug_macro   0x000218fa      0x5a5 ./Core/Src/595_shiftreg.o
 .debug_macro   0x00021e9f      0x1b9 ./Core/Src/595_shiftreg.o
 .debug_macro   0x00022058      0x18b ./Core/Src/595_shiftreg.o
 .debug_macro   0x000221e3      0x26b ./Core/Src/595_shiftreg.o
 .debug_macro   0x0002244e      0x23d ./Core/Src/595_shiftreg.o
 .debug_macro   0x0002268b      0x241 ./Core/Src/595_shiftreg.o
 .debug_macro   0x000228cc      0x37c ./Core/Src/595_shiftreg.o
 .debug_macro   0x00022c48       0xd6 ./Core/Src/595_shiftreg.o
 .debug_macro   0x00022d1e      0x122 ./Core/Src/595_shiftreg.o
 .debug_macro   0x00022e40      0x3ef ./Core/Src/595_shiftreg.o
 .debug_macro   0x0002322f      0x2fe ./Core/Src/595_shiftreg.o
 .debug_macro   0x0002352d      0xa98 ./Core/Src/595_shiftreg.o
 .debug_macro   0x00023fc5      0x1e6 ./Core/Src/595_shiftreg.o
 .debug_macro   0x000241ab      0x5cf ./Core/Src/595_shiftreg.o
 .debug_macro   0x0002477a       0x44 ./Core/Src/595_shiftreg.o
 .debug_macro   0x000247be      0x330 ./Core/Src/595_shiftreg.o
 .debug_macro   0x00024aee       0x22 ./Core/Src/595_shiftreg.o
 .debug_macro   0x00024b10      0x130 ./Core/Src/595_shiftreg.o
 .debug_macro   0x00024c40       0x88 ./Core/Src/595_shiftreg.o
 .debug_macro   0x00024cc8       0x61 ./Core/Src/595_shiftreg.o
 .debug_macro   0x00024d29       0x2a ./Core/Src/595_shiftreg.o
 .debug_macro   0x00024d53       0x43 ./Core/Src/595_shiftreg.o
 .debug_macro   0x00024d96       0x34 ./Core/Src/595_shiftreg.o
 .debug_macro   0x00024dca       0x16 ./Core/Src/595_shiftreg.o
 .debug_macro   0x00024de0       0x35 ./Core/Src/595_shiftreg.o
 .debug_macro   0x00024e15      0x369 ./Core/Src/595_shiftreg.o
 .debug_macro   0x0002517e       0x10 ./Core/Src/595_shiftreg.o
 .debug_macro   0x0002518e       0x16 ./Core/Src/595_shiftreg.o
 .debug_macro   0x000251a4       0x43 ./Core/Src/595_shiftreg.o
 .debug_macro   0x000251e7       0x34 ./Core/Src/595_shiftreg.o
 .debug_macro   0x0002521b       0x10 ./Core/Src/595_shiftreg.o
 .debug_macro   0x0002522b       0x58 ./Core/Src/595_shiftreg.o
 .debug_macro   0x00025283       0x8e ./Core/Src/595_shiftreg.o
 .debug_macro   0x00025311       0x1c ./Core/Src/595_shiftreg.o
 .debug_macro   0x0002532d      0x177 ./Core/Src/595_shiftreg.o
 .debug_macro   0x000254a4       0x16 ./Core/Src/595_shiftreg.o
 .debug_macro   0x000254ba       0x16 ./Core/Src/595_shiftreg.o
 .debug_macro   0x000254d0      0x146 ./Core/Src/595_shiftreg.o
 .debug_macro   0x00025616       0x16 ./Core/Src/595_shiftreg.o
 .debug_macro   0x0002562c       0x3a ./Core/Src/595_shiftreg.o
 .debug_macro   0x00025666      0x383 ./Core/Src/clock.o
 .debug_macro   0x000259e9       0x10 ./Core/Src/clock.o
 .debug_macro   0x000259f9       0x20 ./Core/Src/clock.o
 .debug_macro   0x00025a19       0x8e ./Core/Src/clock.o
 .debug_macro   0x00025aa7       0x1c ./Core/Src/clock.o
 .debug_macro   0x00025ac3       0x1c ./Core/Src/clock.o
 .debug_macro   0x00025adf       0x1c ./Core/Src/clock.o
 .debug_macro   0x00025afb      0x143 ./Core/Src/fonts.o
 .debug_macro   0x00025c3e       0x5b ./Core/Src/fonts.o
 .debug_macro   0x00025c99       0x94 ./Core/Src/fonts.o
 .debug_macro   0x00025d2d       0x57 ./Core/Src/fonts.o
 .debug_macro   0x00025d84       0x9e ./Core/Src/fonts.o
 .debug_macro   0x00025e22      0x10b ./Core/Src/fonts.o
 .debug_macro   0x00025f2d      0x1f7 ./Core/Src/gpio.o
 .debug_macro   0x00026124      0x38f ./Core/Src/main.o
 .debug_macro   0x000264b3      0x1f7 ./Core/Src/spi.o
 .debug_macro   0x000266aa      0x326 ./Core/Src/ssd1306_config.o
 .debug_macro   0x000269d0       0x56 ./Core/Src/ssd1306_config.o
 .debug_macro   0x00026a26      0x136 ./Core/Src/ssd1306_config.o
 .debug_macro   0x00026b5c       0x16 ./Core/Src/ssd1306_config.o
 .debug_macro   0x00026b72      0x1ed ./Core/Src/stm32l4xx_hal_msp.o
 .debug_macro   0x00026d5f      0x1f7 ./Core/Src/stm32l4xx_it.o
 .debug_macro   0x00026f56      0x1d5 ./Core/Src/system_stm32l4xx.o
 .debug_macro   0x0002712b      0x1f7 ./Core/Src/tim.o
 .debug_macro   0x00027322      0x38c ./Core/Src/traffic.o
 .debug_macro   0x000276ae      0x383 ./Core/Src/traffic_functions.o
 .debug_macro   0x00027a31      0x1f7 ./Core/Src/usart.o
 .debug_macro   0x00027c28      0x223 ./Drivers/STM32L4xx_HAL_Driver/Src/stm32l4xx_hal.o
 .debug_macro   0x00027e4b      0x1d5 ./Drivers/STM32L4xx_HAL_Driver/Src/stm32l4xx_hal_cortex.o
 .debug_macro   0x00028020      0x1dc ./Drivers/STM32L4xx_HAL_Driver/Src/stm32l4xx_hal_gpio.o
 .debug_macro   0x000281fc      0x1f9 ./Drivers/STM32L4xx_HAL_Driver/Src/stm32l4xx_hal_pwr_ex.o
 .debug_macro   0x000283f5      0x217 ./Drivers/STM32L4xx_HAL_Driver/Src/stm32l4xx_hal_rcc.o
 .debug_macro   0x0002860c      0x20b ./Drivers/STM32L4xx_HAL_Driver/Src/stm32l4xx_hal_rcc_ex.o
 .debug_macro   0x00028817      0x1dd ./Drivers/STM32L4xx_HAL_Driver/Src/stm32l4xx_hal_spi.o
 .debug_macro   0x000289f4      0x1d6 ./Drivers/STM32L4xx_HAL_Driver/Src/stm32l4xx_hal_tim.o
 .debug_macro   0x00028bca      0x1d5 ./Drivers/STM32L4xx_HAL_Driver/Src/stm32l4xx_hal_tim_ex.o
 .debug_macro   0x00028d9f      0x200 ./Drivers/STM32L4xx_HAL_Driver/Src/stm32l4xx_hal_uart.o

.debug_line     0x00000000    0x17588
 .debug_line    0x00000000      0xb0b ./Core/Src/595_shiftreg.o
 .debug_line    0x00000b0b      0xa71 ./Core/Src/clock.o
 .debug_line    0x0000157c      0x49c ./Core/Src/fonts.o
 .debug_line    0x00001a18      0x751 ./Core/Src/gpio.o
 .debug_line    0x00002169      0x8c1 ./Core/Src/main.o
 .debug_line    0x00002a2a      0x7eb ./Core/Src/spi.o
 .debug_line    0x00003215      0x9fd ./Core/Src/ssd1306_config.o
 .debug_line    0x00003c12      0x6d3 ./Core/Src/stm32l4xx_hal_msp.o
 .debug_line    0x000042e5      0x828 ./Core/Src/stm32l4xx_it.o
 .debug_line    0x00004b0d      0x760 ./Core/Src/system_stm32l4xx.o
 .debug_line    0x0000526d      0x89a ./Core/Src/tim.o
 .debug_line    0x00005b07      0xb32 ./Core/Src/traffic.o
 .debug_line    0x00006639      0x997 ./Core/Src/traffic_functions.o
 .debug_line    0x00006fd0      0x754 ./Core/Src/usart.o
 .debug_line    0x00007724       0x7a ./Core/Startup/startup_stm32l476rgtx.o
 .debug_line    0x0000779e      0xabc ./Drivers/STM32L4xx_HAL_Driver/Src/stm32l4xx_hal.o
 .debug_line    0x0000825a      0xc84 ./Drivers/STM32L4xx_HAL_Driver/Src/stm32l4xx_hal_cortex.o
 .debug_line    0x00008ede      0xb47 ./Drivers/STM32L4xx_HAL_Driver/Src/stm32l4xx_hal_gpio.o
 .debug_line    0x00009a25      0xcad ./Drivers/STM32L4xx_HAL_Driver/Src/stm32l4xx_hal_pwr_ex.o
 .debug_line    0x0000a6d2      0xf34 ./Drivers/STM32L4xx_HAL_Driver/Src/stm32l4xx_hal_rcc.o
 .debug_line    0x0000b606     0x14a6 ./Drivers/STM32L4xx_HAL_Driver/Src/stm32l4xx_hal_rcc_ex.o
 .debug_line    0x0000caac     0x1f91 ./Drivers/STM32L4xx_HAL_Driver/Src/stm32l4xx_hal_spi.o
 .debug_line    0x0000ea3d     0x3dca ./Drivers/STM32L4xx_HAL_Driver/Src/stm32l4xx_hal_tim.o
 .debug_line    0x00012807     0x1bb4 ./Drivers/STM32L4xx_HAL_Driver/Src/stm32l4xx_hal_tim_ex.o
 .debug_line    0x000143bb     0x31cd ./Drivers/STM32L4xx_HAL_Driver/Src/stm32l4xx_hal_uart.o

.debug_str      0x00000000    0xf4e97
 .debug_str     0x00000000    0xf020b ./Core/Src/595_shiftreg.o
                              0xf05ca (size before relaxing)
 .debug_str     0x000f020b      0x30c ./Core/Src/clock.o
                              0xf045c (size before relaxing)
 .debug_str     0x000f0517       0x1c ./Core/Src/fonts.o
                               0x77f0 (size before relaxing)
 .debug_str     0x000f0533      0x5f9 ./Core/Src/gpio.o
                              0xec920 (size before relaxing)
 .debug_str     0x000f0b2c       0xaf ./Core/Src/main.o
                              0xefc36 (size before relaxing)
 .debug_str     0x000f0bdb       0x61 ./Core/Src/spi.o
                              0xec84c (size before relaxing)
 .debug_str     0x000f0c3c       0xb7 ./Core/Src/ssd1306_config.o
                              0xeff44 (size before relaxing)
 .debug_str     0x000f0cf3       0x2c ./Core/Src/stm32l4xx_hal_msp.o
                              0xec33d (size before relaxing)
 .debug_str     0x000f0d1f      0x16f ./Core/Src/stm32l4xx_it.o
                              0xec84e (size before relaxing)
 .debug_str     0x000f0e8e       0xf2 ./Core/Src/system_stm32l4xx.o
                              0xebebe (size before relaxing)
 .debug_str     0x000f0f80      0x165 ./Core/Src/tim.o
                              0xecf32 (size before relaxing)
 .debug_str     0x000f10e5       0x92 ./Core/Src/traffic.o
                              0xf031c (size before relaxing)
 .debug_str     0x000f1177       0x27 ./Core/Src/traffic_functions.o
                              0xf01b2 (size before relaxing)
 .debug_str     0x000f119e      0x47f ./Core/Src/usart.o
                              0xecb37 (size before relaxing)
 .debug_str     0x000f161d       0x44 ./Core/Startup/startup_stm32l476rgtx.o
                                 0x8e (size before relaxing)
 .debug_str     0x000f1661      0x69d ./Drivers/STM32L4xx_HAL_Driver/Src/stm32l4xx_hal.o
                              0xecabd (size before relaxing)
 .debug_str     0x000f1cfe      0x355 ./Drivers/STM32L4xx_HAL_Driver/Src/stm32l4xx_hal_cortex.o
                              0xec737 (size before relaxing)
 .debug_str     0x000f2053       0xd9 ./Drivers/STM32L4xx_HAL_Driver/Src/stm32l4xx_hal_gpio.o
                              0xec037 (size before relaxing)
 .debug_str     0x000f212c      0x4e3 ./Drivers/STM32L4xx_HAL_Driver/Src/stm32l4xx_hal_pwr_ex.o
                              0xec419 (size before relaxing)
 .debug_str     0x000f260f      0x345 ./Drivers/STM32L4xx_HAL_Driver/Src/stm32l4xx_hal_rcc.o
                              0xec504 (size before relaxing)
 .debug_str     0x000f2954      0x3bf ./Drivers/STM32L4xx_HAL_Driver/Src/stm32l4xx_hal_rcc_ex.o
                              0xec67d (size before relaxing)
 .debug_str     0x000f2d13      0x5a6 ./Drivers/STM32L4xx_HAL_Driver/Src/stm32l4xx_hal_spi.o
                              0xec6d9 (size before relaxing)
 .debug_str     0x000f32b9      0xdab ./Drivers/STM32L4xx_HAL_Driver/Src/stm32l4xx_hal_tim.o
                              0xed1fe (size before relaxing)
 .debug_str     0x000f4064      0x588 ./Drivers/STM32L4xx_HAL_Driver/Src/stm32l4xx_hal_tim_ex.o
                              0xecb12 (size before relaxing)
 .debug_str     0x000f45ec      0x8ab ./Drivers/STM32L4xx_HAL_Driver/Src/stm32l4xx_hal_uart.o
                              0xecc16 (size before relaxing)

.comment        0x00000000       0x43
 .comment       0x00000000       0x43 ./Core/Src/595_shiftreg.o
                                 0x44 (size before relaxing)
 .comment       0x00000043       0x44 ./Core/Src/clock.o
 .comment       0x00000043       0x44 ./Core/Src/fonts.o
 .comment       0x00000043       0x44 ./Core/Src/gpio.o
 .comment       0x00000043       0x44 ./Core/Src/main.o
 .comment       0x00000043       0x44 ./Core/Src/spi.o
 .comment       0x00000043       0x44 ./Core/Src/ssd1306_config.o
 .comment       0x00000043       0x44 ./Core/Src/stm32l4xx_hal_msp.o
 .comment       0x00000043       0x44 ./Core/Src/stm32l4xx_it.o
 .comment       0x00000043       0x44 ./Core/Src/system_stm32l4xx.o
 .comment       0x00000043       0x44 ./Core/Src/tim.o
 .comment       0x00000043       0x44 ./Core/Src/traffic.o
 .comment       0x00000043       0x44 ./Core/Src/traffic_functions.o
 .comment       0x00000043       0x44 ./Core/Src/usart.o
 .comment       0x00000043       0x44 ./Drivers/STM32L4xx_HAL_Driver/Src/stm32l4xx_hal.o
 .comment       0x00000043       0x44 ./Drivers/STM32L4xx_HAL_Driver/Src/stm32l4xx_hal_cortex.o
 .comment       0x00000043       0x44 ./Drivers/STM32L4xx_HAL_Driver/Src/stm32l4xx_hal_gpio.o
 .comment       0x00000043       0x44 ./Drivers/STM32L4xx_HAL_Driver/Src/stm32l4xx_hal_pwr_ex.o
 .comment       0x00000043       0x44 ./Drivers/STM32L4xx_HAL_Driver/Src/stm32l4xx_hal_rcc.o
 .comment       0x00000043       0x44 ./Drivers/STM32L4xx_HAL_Driver/Src/stm32l4xx_hal_rcc_ex.o
 .comment       0x00000043       0x44 ./Drivers/STM32L4xx_HAL_Driver/Src/stm32l4xx_hal_spi.o
 .comment       0x00000043       0x44 ./Drivers/STM32L4xx_HAL_Driver/Src/stm32l4xx_hal_tim.o
 .comment       0x00000043       0x44 ./Drivers/STM32L4xx_HAL_Driver/Src/stm32l4xx_hal_tim_ex.o
 .comment       0x00000043       0x44 ./Drivers/STM32L4xx_HAL_Driver/Src/stm32l4xx_hal_uart.o

.debug_frame    0x00000000     0x49ac
 .debug_frame   0x00000000      0x16c ./Core/Src/595_shiftreg.o
 .debug_frame   0x0000016c       0x94 ./Core/Src/clock.o
 .debug_frame   0x00000200       0x34 ./Core/Src/gpio.o
 .debug_frame   0x00000234       0x2c ./Core/Src/main.o
 .debug_frame   0x00000260       0x90 ./Core/Src/spi.o
 .debug_frame   0x000002f0      0x128 ./Core/Src/ssd1306_config.o
 .debug_frame   0x00000418       0x38 ./Core/Src/stm32l4xx_hal_msp.o
 .debug_frame   0x00000450      0x1ac ./Core/Src/stm32l4xx_it.o
 .debug_frame   0x000005fc       0x58 ./Core/Src/system_stm32l4xx.o
 .debug_frame   0x00000654       0xe8 ./Core/Src/tim.o
 .debug_frame   0x0000073c       0x2c ./Core/Src/traffic.o
 .debug_frame   0x00000768       0x98 ./Core/Src/traffic_functions.o
 .debug_frame   0x00000800       0x78 ./Core/Src/usart.o
 .debug_frame   0x00000878      0x498 ./Drivers/STM32L4xx_HAL_Driver/Src/stm32l4xx_hal.o
 .debug_frame   0x00000d10      0x4e8 ./Drivers/STM32L4xx_HAL_Driver/Src/stm32l4xx_hal_cortex.o
 .debug_frame   0x000011f8      0x14c ./Drivers/STM32L4xx_HAL_Driver/Src/stm32l4xx_hal_gpio.o
 .debug_frame   0x00001344      0x584 ./Drivers/STM32L4xx_HAL_Driver/Src/stm32l4xx_hal_pwr_ex.o
 .debug_frame   0x000018c8      0x21c ./Drivers/STM32L4xx_HAL_Driver/Src/stm32l4xx_hal_rcc.o
 .debug_frame   0x00001ae4      0x2fc ./Drivers/STM32L4xx_HAL_Driver/Src/stm32l4xx_hal_rcc_ex.o
 .debug_frame   0x00001de0      0x860 ./Drivers/STM32L4xx_HAL_Driver/Src/stm32l4xx_hal_spi.o
 .debug_frame   0x00002640     0x121c ./Drivers/STM32L4xx_HAL_Driver/Src/stm32l4xx_hal_tim.o
 .debug_frame   0x0000385c      0x6b0 ./Drivers/STM32L4xx_HAL_Driver/Src/stm32l4xx_hal_tim_ex.o
 .debug_frame   0x00003f0c      0x9f4 ./Drivers/STM32L4xx_HAL_Driver/Src/stm32l4xx_hal_uart.o
 .debug_frame   0x00004900       0x20 /opt/st/stm32cubeide_1.16.1/plugins/com.st.stm32cube.ide.mcu.externaltools.gnu-tools-for-stm32.12.3.rel1.linux64_1.0.200.202406132123/tools/bin/../lib/gcc/arm-none-eabi/12.3.1/../../../../arm-none-eabi/lib/thumb/v7e-m+fp/hard/libc_nano.a(libc_a-memset.o)
 .debug_frame   0x00004920       0x2c /opt/st/stm32cubeide_1.16.1/plugins/com.st.stm32cube.ide.mcu.externaltools.gnu-tools-for-stm32.12.3.rel1.linux64_1.0.200.202406132123/tools/bin/../lib/gcc/arm-none-eabi/12.3.1/../../../../arm-none-eabi/lib/thumb/v7e-m+fp/hard/libc_nano.a(libc_a-init.o)
 .debug_frame   0x0000494c       0x2c /opt/st/stm32cubeide_1.16.1/plugins/com.st.stm32cube.ide.mcu.externaltools.gnu-tools-for-stm32.12.3.rel1.linux64_1.0.200.202406132123/tools/bin/../lib/gcc/arm-none-eabi/12.3.1/thumb/v7e-m+fp/hard/libgcc.a(_aeabi_uldivmod.o)
 .debug_frame   0x00004978       0x34 /opt/st/stm32cubeide_1.16.1/plugins/com.st.stm32cube.ide.mcu.externaltools.gnu-tools-for-stm32.12.3.rel1.linux64_1.0.200.202406132123/tools/bin/../lib/gcc/arm-none-eabi/12.3.1/thumb/v7e-m+fp/hard/libgcc.a(_udivmoddi4.o)

.debug_line_str
                0x00000000       0x72
 .debug_line_str
                0x00000000       0x72 ./Core/Startup/startup_stm32l476rgtx.o
